Archive member included to satisfy reference by file (symbol)

D:\Ac6\project\read\read\STemWin\Lib/STemWin522_CM4_GCC.a(F6x8.o)
                              STemWin/Config/GUIConf.o (GUI_Font6x8)
D:\Ac6\project\read\read\STemWin\Lib/STemWin522_CM4_GCC.a(GUIDRV_FlexColor_Func66709.o)
                              STemWin/Config/LCDConf_FlexColor_Template.o (GUIDRV_FlexColor_SetFunc66709)
D:\Ac6\project\read\read\STemWin\Lib/STemWin522_CM4_GCC.a(GUIDRV_FlexColor_16bpp_C0B16.o)
                              STemWin/Config/LCDConf_FlexColor_Template.o (GUIDRV_FlexColor_SetMode16bppC0B16)
D:\Ac6\project\read\read\STemWin\Lib/STemWin522_CM4_GCC.a(GUIDRV_FlexColor.o)
                              D:\Ac6\project\read\read\STemWin\Lib/STemWin522_CM4_GCC.a(GUIDRV_FlexColor_16bpp_C0B16.o) (GUIDRV_FlexColor__SetPixelIndexNoCache)
D:\Ac6\project\read\read\STemWin\Lib/STemWin522_CM4_GCC.a(LCD_Set.o)
                              STemWin/Config/LCDConf_FlexColor_Template.o (LCD_SetVSizeEx)
D:\Ac6\project\read\read\STemWin\Lib/STemWin522_CM4_GCC.a(GUI__memset16.o)
                              D:\Ac6\project\read\read\STemWin\Lib/STemWin522_CM4_GCC.a(GUIDRV_FlexColor_16bpp_C0B16.o) (GUI__memset16)
D:\Ac6\project\read\read\STemWin\Lib/STemWin522_CM4_GCC.a(GUI__memset.o)
                              D:\Ac6\project\read\read\STemWin\Lib/STemWin522_CM4_GCC.a(GUIDRV_FlexColor.o) (GUI__memset)
D:\Ac6\project\read\read\STemWin\Lib/STemWin522_CM4_GCC.a(GUI_Time.o)
                              Src/main.o (GUI_GetTime)
D:\Ac6\project\read\read\STemWin\Lib/STemWin522_CM4_GCC.a(GUI_Exec.o)
                              D:\Ac6\project\read\read\STemWin\Lib/STemWin522_CM4_GCC.a(GUI_Time.o) (GUI_Exec)
D:\Ac6\project\read\read\STemWin\Lib/STemWin522_CM4_GCC.a(GUI_DispString.o)
                              Src/main.o (GUI_DispString)
D:\Ac6\project\read\read\STemWin\Lib/STemWin522_CM4_GCC.a(GUI_Device.o)
                              D:\Ac6\project\read\read\STemWin\Lib/STemWin522_CM4_GCC.a(LCD_Set.o) (GUI_DEVICE__GetpDriver)
D:\Ac6\project\read\read\STemWin\Lib/STemWin522_CM4_GCC.a(GUI_Core.o)
                              D:\Ac6\project\read\read\STemWin\Lib/STemWin522_CM4_GCC.a(GUI_Device.o) (GUI__apDevice)
D:\Ac6\project\read\read\STemWin\Lib/STemWin522_CM4_GCC.a(GUI_CharM.o)
                              D:\Ac6\project\read\read\STemWin\Lib/STemWin522_CM4_GCC.a(F6x8.o) (GUIMONO_DispChar)
D:\Ac6\project\read\read\STemWin\Lib/STemWin522_CM4_GCC.a(GUI_CharLine.o)
                              D:\Ac6\project\read\read\STemWin\Lib/STemWin522_CM4_GCC.a(GUI_DispString.o) (GUI__GetLineNumChars)
D:\Ac6\project\read\read\STemWin\Lib/STemWin522_CM4_GCC.a(GUI_Char.o)
                              D:\Ac6\project\read\read\STemWin\Lib/STemWin522_CM4_GCC.a(GUI_DispString.o) (GUI_GetYAdjust)
D:\Ac6\project\read\read\STemWin\Lib/STemWin522_CM4_GCC.a(GUI_Alloc.o)
                              D:\Ac6\project\read\read\STemWin\Lib/STemWin522_CM4_GCC.a(GUI_Device.o) (GUI_ALLOC_FreeFixedBlock)
D:\Ac6\project\read\read\STemWin\Lib/STemWin522_CM4_GCC.a(GUICC_565.o)
                              STemWin/Config/LCDConf_FlexColor_Template.o (LCD_API_ColorConv_565)
D:\Ac6\project\read\read\STemWin\Lib/STemWin522_CM4_GCC.a(WM_GetDesktopWindow.o)
                              D:\Ac6\project\read\read\STemWin\Lib/STemWin522_CM4_GCC.a(GUI_Core.o) (WM_GetDesktopWindow)
D:\Ac6\project\read\read\STemWin\Lib/STemWin522_CM4_GCC.a(WM.o)
                              D:\Ac6\project\read\read\STemWin\Lib/STemWin522_CM4_GCC.a(WM_GetDesktopWindow.o) (WM__ahDesktopWin)
D:\Ac6\project\read\read\STemWin\Lib/STemWin522_CM4_GCC.a(GUIDEV_StaticDevices.o)
                              D:\Ac6\project\read\read\STemWin\Lib/STemWin522_CM4_GCC.a(WM.o) (GUI_MEMDEV_Paint1Static)
D:\Ac6\project\read\read\STemWin\Lib/STemWin522_CM4_GCC.a(GUIDEV_SetOrg.o)
                              D:\Ac6\project\read\read\STemWin\Lib/STemWin522_CM4_GCC.a(GUIDEV_StaticDevices.o) (GUI_MEMDEV_SetOrg)
D:\Ac6\project\read\read\STemWin\Lib/STemWin522_CM4_GCC.a(GUIDEV_GetYSize.o)
                              D:\Ac6\project\read\read\STemWin\Lib/STemWin522_CM4_GCC.a(GUIDEV_StaticDevices.o) (GUI_MEMDEV_GetYSize)
D:\Ac6\project\read\read\STemWin\Lib/STemWin522_CM4_GCC.a(GUIDEV_GetXSize.o)
                              D:\Ac6\project\read\read\STemWin\Lib/STemWin522_CM4_GCC.a(GUIDEV_StaticDevices.o) (GUI_MEMDEV_GetXSize)
D:\Ac6\project\read\read\STemWin\Lib/STemWin522_CM4_GCC.a(GUIDEV_GetPos.o)
                              D:\Ac6\project\read\read\STemWin\Lib/STemWin522_CM4_GCC.a(GUIDEV_StaticDevices.o) (GUI_MEMDEV_GetXPos)
D:\Ac6\project\read\read\STemWin\Lib/STemWin522_CM4_GCC.a(GUIDEV_GetDataPtr.o)
                              D:\Ac6\project\read\read\STemWin\Lib/STemWin522_CM4_GCC.a(GUIDEV_StaticDevices.o) (GUI_MEMDEV_GetDataPtr)
D:\Ac6\project\read\read\STemWin\Lib/STemWin522_CM4_GCC.a(GUIDEV_CreateFixed.o)
[...]
Memory Configuration

Name             Origin             Length             Attributes
RAM              0x20000000         0x00018000         xrw
RAM2             0x10000000         0x00008000         xrw
FLASH            0x08000000         0x00100000         xr
*default*        0x00000000         0xffffffff

Linker script and memory map

LOAD d:/ac6/systemworkbench/plugins/fr.ac6.mcu.externaltools.arm-none.win32_1.13.2.201703061525/tools/compiler/bin/../lib/gcc/arm-none-eabi/5.4.1/armv7e-m/fpu/crti.o
LOAD d:/ac6/systemworkbench/plugins/fr.ac6.mcu.externaltools.arm-none.win32_1.13.2.201703061525/tools/compiler/bin/../lib/gcc/arm-none-eabi/5.4.1/armv7e-m/fpu/crtbegin.o
LOAD d:/ac6/systemworkbench/plugins/fr.ac6.mcu.externaltools.arm-none.win32_1.13.2.201703061525/tools/compiler/bin/../lib/gcc/arm-none-eabi/5.4.1/../../../../arm-none-eabi/lib/armv7e-m/fpu/crt0.o
LOAD d:/ac6/systemworkbench/plugins/fr.ac6.mcu.externaltools.arm-none.win32_1.13.2.201703061525/tools/compiler/bin/../lib/gcc/arm-none-eabi/5.4.1/../../../../arm-none-eabi/lib/armv7e-m/fpu\libm.a
LOAD Drivers/STM32L4xx_HAL_Driver/Src/stm32l4xx_hal.o
LOAD Drivers/STM32L4xx_HAL_Driver/Src/stm32l4xx_hal_cortex.o
LOAD Drivers/STM32L4xx_HAL_Driver/Src/stm32l4xx_hal_crc.o
LOAD Drivers/STM32L4xx_HAL_Driver/Src/stm32l4xx_hal_crc_ex.o
LOAD Drivers/STM32L4xx_HAL_Driver/Src/stm32l4xx_hal_dma.o
LOAD Drivers/STM32L4xx_HAL_Driver/Src/stm32l4xx_hal_flash.o
LOAD Drivers/STM32L4xx_HAL_Driver/Src/stm32l4xx_hal_flash_ex.o
LOAD Drivers/STM32L4xx_HAL_Driver/Src/stm32l4xx_hal_flash_ramfunc.o
LOAD Drivers/STM32L4xx_HAL_Driver/Src/stm32l4xx_hal_gpio.o
LOAD Drivers/STM32L4xx_HAL_Driver/Src/stm32l4xx_hal_i2c.o
LOAD Drivers/STM32L4xx_HAL_Driver/Src/stm32l4xx_hal_i2c_ex.o
LOAD Drivers/STM32L4xx_HAL_Driver/Src/stm32l4xx_hal_pwr.o
LOAD Drivers/STM32L4xx_HAL_Driver/Src/stm32l4xx_hal_pwr_ex.o
LOAD Drivers/STM32L4xx_HAL_Driver/Src/stm32l4xx_hal_rcc.o
LOAD Drivers/STM32L4xx_HAL_Driver/Src/stm32l4xx_hal_rcc_ex.o
LOAD Drivers/STM32L4xx_HAL_Driver/Src/stm32l4xx_hal_sram.o
LOAD Drivers/STM32L4xx_HAL_Driver/Src/stm32l4xx_hal_tim.o
LOAD Drivers/STM32L4xx_HAL_Driver/Src/stm32l4xx_hal_tim_ex.o
LOAD Drivers/STM32L4xx_HAL_Driver/Src/stm32l4xx_hal_uart.o
LOAD Drivers/STM32L4xx_HAL_Driver/Src/stm32l4xx_hal_uart_ex.o
LOAD Drivers/STM32L4xx_HAL_Driver/Src/stm32l4xx_ll_fmc.o
LOAD Middlewares/Third_Party/FreeRTOS/Source/CMSIS_RTOS/cmsis_os.o
LOAD Middlewares/Third_Party/FreeRTOS/Source/croutine.o
LOAD Middlewares/Third_Party/FreeRTOS/Source/event_groups.o
LOAD Middlewares/Third_Party/FreeRTOS/Source/list.o
LOAD Middlewares/Third_Party/FreeRTOS/Source/queue.o
LOAD Middlewares/Third_Party/FreeRTOS/Source/tasks.o
LOAD Middlewares/Third_Party/FreeRTOS/Source/timers.o
LOAD Middlewares/Third_Party/FreeRTOS/Source/portable/GCC/ARM_CM4F/port.o
LOAD Middlewares/Third_Party/FreeRTOS/Source/portable/MemMang/heap_4.o
LOAD STemWin/Config/GUIConf.o
LOAD STemWin/Config/GUI_X_FreeRTOS.o
LOAD STemWin/Config/LCDConf_FlexColor_Template.o
LOAD Src/freertos.o
LOAD Src/main.o
LOAD Src/stm32l4xx_hal_msp.o
LOAD Src/stm32l4xx_hal_timebase_TIM.o
LOAD Src/stm32l4xx_it.o
LOAD Src/system_stm32l4xx.o
LOAD lcd/ili9341.o
LOAD startup/startup_stm32l476xx.o
LOAD D:\Ac6\project\read\read\STemWin\Lib/STemWin522_CM4_GCC.a
START GROUP
LOAD d:/ac6/systemworkbench/plugins/fr.ac6.mcu.externaltools.arm-none.win32_1.13.2.201703061525/tools/compiler/bin/../lib/gcc/arm-none-eabi/5.4.1/armv7e-m/fpu\libgcc.a
LOAD d:/ac6/systemworkbench/plugins/fr.ac6.mcu.externaltools.arm-none.win32_1.13.2.201703061525/tools/compiler/bin/../lib/gcc/arm-none-eabi/5.4.1/../../../../arm-none-eabi/lib/armv7e-m/fpu\libc_nano.a
END GROUP
START GROUP
LOAD d:/ac6/systemworkbench/plugins/fr.ac6.mcu.externaltools.arm-none.win32_1.13.2.201703061525/tools/compiler/bin/../lib/gcc/arm-none-eabi/5.4.1/armv7e-m/fpu\libgcc.a
LOAD d:/ac6/systemworkbench/plugins/fr.ac6.mcu.externaltools.arm-none.win32_1.13.2.201703061525/tools/compiler/bin/../lib/gcc/arm-none-eabi/5.4.1/../../../../arm-none-eabi/lib/armv7e-m/fpu\libc_nano.a
LOAD d:/ac6/systemworkbench/plugins/fr.ac6.mcu.externaltools.arm-none.win32_1.13.2.201703061525/tools/compiler/bin/../lib/gcc/arm-none-eabi/5.4.1/../../../../arm-none-eabi/lib/armv7e-m/fpu\libnosys.a
END GROUP
START GROUP
LOAD d:/ac6/systemworkbench/plugins/fr.ac6.mcu.externaltools.arm-none.win32_1.13.2.201703061525/tools/compiler/bin/../lib/gcc/arm-none-eabi/5.4.1/armv7e-m/fpu\libgcc.a
LOAD d:/ac6/systemworkbench/plugins/fr.ac6.mcu.externaltools.arm-none.win32_1.13.2.201703061525/tools/compiler/bin/../lib/gcc/arm-none-eabi/5.4.1/../../../../arm-none-eabi/lib/armv7e-m/fpu\libc_nano.a
LOAD d:/ac6/systemworkbench/plugins/fr.ac6.mcu.externaltools.arm-none.win32_1.13.2.201703061525/tools/compiler/bin/../lib/gcc/arm-none-eabi/5.4.1/../../../../arm-none-eabi/lib/armv7e-m/fpu\libnosys.a
END GROUP
LOAD d:/ac6/systemworkbench/plugins/fr.ac6.mcu.externaltools.arm-none.win32_1.13.2.201703061525/tools/compiler/bin/../lib/gcc/arm-none-eabi/5.4.1/armv7e-m/fpu/crtend.o
LOAD d:/ac6/systemworkbench/plugins/fr.ac6.mcu.externaltools.arm-none.win32_1.13.2.201703061525/tools/compiler/bin/../lib/gcc/arm-none-eabi/5.4.1/armv7e-m/fpu/crtn.o
                0x20018000                _estack = 0x20018000
                0x00000200                _Min_Heap_Size = 0x200
                0x00000400                _Min_Stack_Size = 0x400

.isr_vector     0x08000000      0x188
                0x08000000                . = ALIGN (0x8)
 *(.isr_vector)
 .isr_vector    0x08000000      0x188 startup/startup_stm32l476xx.o
                0x08000000                g_pfnVectors
                0x08000188                . = ALIGN (0x8)

.text           0x08000190     0x9928
                0x08000190                . = ALIGN (0x8)
 *(.text)
 .text          0x08000190       0x5c d:/ac6/systemworkbench/plugins/fr.ac6.mcu.externaltools.arm-none.win32_1.13.2.201703061525/tools/compiler/bin/../lib/gcc/arm-none-eabi/5.4.1/armv7e-m/fpu/crtbegin.o
 .text          0x080001ec       0x30 d:/ac6/systemworkbench/plugins/fr.ac6.mcu.externaltools.arm-none.win32_1.13.2.201703061525/tools/compiler/bin/../lib/gcc/arm-none-eabi/5.4.1/armv7e-m/fpu\libgcc.a(_aeabi_uldivmod.o)
                0x080001ec                __aeabi_uldivmod
 .text          0x0800021c      0x2e4 d:/ac6/systemworkbench/plugins/fr.ac6.mcu.externaltools.arm-none.win32_1.13.2.201703061525/tools/compiler/bin/../lib/gcc/arm-none-eabi/5.4.1/armv7e-m/fpu\libgcc.a(_udivmoddi4.o)
                0x0800021c                __udivmoddi4
 .text          0x08000500        0x4 d:/ac6/systemworkbench/plugins/fr.ac6.mcu.externaltools.arm-none.win32_1.13.2.201703061525/tools/compiler/bin/../lib/gcc/arm-none-eabi/5.4.1/armv7e-m/fpu\libgcc.a(_dvmd_tls.o)
                0x08000500                __aeabi_idiv0
                0x08000500                __aeabi_ldiv0
 *fill*         0x08000504        0xc 
 .text          0x08000510       0xa0 d:/ac6/systemworkbench/plugins/fr.ac6.mcu.externaltools.arm-none.win32_1.13.2.201703061525/tools/compiler/bin/../lib/gcc/arm-none-eabi/5.4.1/../../../../arm-none-eabi/lib/armv7e-m/fpu\libc_nano.a(lib_a-memchr.o)
                0x08000510                memchr
 *(.text*)
 .text.HAL_Init
                0x080005b0       0x18 Drivers/STM32L4xx_HAL_Driver/Src/stm32l4xx_hal.o
                0x080005b0                HAL_Init
 .text.HAL_IncTick
                0x080005c8       0x10 Drivers/STM32L4xx_HAL_Driver/Src/stm32l4xx_hal.o
                0x080005c8                HAL_IncTick
 .text.HAL_GetTick
                0x080005d8        0xc Drivers/STM32L4xx_HAL_Driver/Src/stm32l4xx_hal.o
                0x080005d8                HAL_GetTick
 .text.HAL_Delay
                0x080005e4       0x20 Drivers/STM32L4xx_HAL_Driver/Src/stm32l4xx_hal.o
                0x080005e4                HAL_Delay
 .text.HAL_NVIC_SetPriorityGrouping
                0x08000604       0x24 Drivers/STM32L4xx_HAL_Driver/Src/stm32l4xx_hal_cortex.o
                0x08000604                HAL_NVIC_SetPriorityGrouping
 .text.HAL_NVIC_SetPriority
                0x08000628       0x64 Drivers/STM32L4xx_HAL_Driver/Src/stm32l4xx_hal_cortex.o
                0x08000628                HAL_NVIC_SetPriority
 .text.HAL_NVIC_EnableIRQ
                0x0800068c       0x18 Drivers/STM32L4xx_HAL_Driver/Src/stm32l4xx_hal_cortex.o
                0x0800068c                HAL_NVIC_EnableIRQ
 .text.HAL_SYSTICK_Config
                0x080006a4       0x2c Drivers/STM32L4xx_HAL_Driver/Src/stm32l4xx_hal_cortex.o
                0x080006a4                HAL_SYSTICK_Config
 .text.HAL_SYSTICK_CLKSourceConfig
                0x080006d0       0x20 Drivers/STM32L4xx_HAL_Driver/Src/stm32l4xx_hal_cortex.o
                0x080006d0                HAL_SYSTICK_CLKSourceConfig
 .text.HAL_CRC_Init
                0x080006f0       0x84 Drivers/STM32L4xx_HAL_Driver/Src/stm32l4xx_hal_crc.o
                0x080006f0                HAL_CRC_Init
 .text.HAL_CRCEx_Polynomial_Set
                0x08000774       0x5c Drivers/STM32L4xx_HAL_Driver/Src/stm32l4xx_hal_crc_ex.o
                0x08000774                HAL_CRCEx_Polynomial_Set
 .text.HAL_GPIO_Init
                0x080007d0      0x1cc Drivers/STM32L4xx_HAL_Driver/Src/stm32l4xx_hal_gpio.o
                0x080007d0                HAL_GPIO_Init
 .text.HAL_GPIO_WritePin
                0x0800099c        0xc Drivers/STM32L4xx_HAL_Driver/Src/stm32l4xx_hal_gpio.o
                0x0800099c                HAL_GPIO_WritePin
 .text.HAL_PWREx_GetVoltageRange
                0x080009a8       0x10 Drivers/STM32L4xx_HAL_Driver/Src/stm32l4xx_hal_pwr_ex.o
                0x080009a8                HAL_PWREx_GetVoltageRange
 .text.HAL_PWREx_ControlVoltageScaling
                0x080009b8       0x90 Drivers/STM32L4xx_HAL_Driver/Src/stm32l4xx_hal_pwr_ex.o
                0x080009b8                HAL_PWREx_ControlVoltageScaling
 .text.RCC_SetFlashLatencyFromMSIRange
                0x08000a48       0x90 Drivers/STM32L4xx_HAL_Driver/Src/stm32l4xx_hal_rcc.o
 .text.HAL_RCC_GetSysClockFreq
                0x08000ad8      0x174 Drivers/STM32L4xx_HAL_Driver/Src/stm32l4xx_hal_rcc.o
                0x08000ad8                HAL_RCC_GetSysClockFreq
 .text.HAL_RCC_OscConfig
                0x08000c4c      0x5c0 Drivers/STM32L4xx_HAL_Driver/Src/stm32l4xx_hal_rcc.o
                0x08000c4c                HAL_RCC_OscConfig
 .text.HAL_RCC_ClockConfig
                0x0800120c      0x1cc Drivers/STM32L4xx_HAL_Driver/Src/stm32l4xx_hal_rcc.o
                0x0800120c                HAL_RCC_ClockConfig
 .text.HAL_RCC_GetHCLKFreq
                0x080013d8        0xc Drivers/STM32L4xx_HAL_Driver/Src/stm32l4xx_hal_rcc.o
                0x080013d8                HAL_RCC_GetHCLKFreq
 .text.HAL_RCC_GetPCLK1Freq
                0x080013e4       0x30 Drivers/STM32L4xx_HAL_Driver/Src/stm32l4xx_hal_rcc.o
                0x080013e4                HAL_RCC_GetPCLK1Freq
 .text.HAL_RCC_GetPCLK2Freq
                0x08001414       0x30 Drivers/STM32L4xx_HAL_Driver/Src/stm32l4xx_hal_rcc.o
                0x08001414                HAL_RCC_GetPCLK2Freq
 .text.HAL_RCC_GetClockConfig
                0x08001444       0x3c Drivers/STM32L4xx_HAL_Driver/Src/stm32l4xx_hal_rcc.o
                0x08001444                HAL_RCC_GetClockConfig
 .text.RCCEx_PLLSAI1_Config
                0x08001480      0x1f8 Drivers/STM32L4xx_HAL_Driver/Src/stm32l4xx_hal_rcc_ex.o
 .text.RCCEx_PLLSAI2_Config
                0x08001678      0x1b8 Drivers/STM32L4xx_HAL_Driver/Src/stm32l4xx_hal_rcc_ex.o
 .text.HAL_RCCEx_PeriphCLKConfig
                0x08001830      0x438 Drivers/STM32L4xx_HAL_Driver/Src/stm32l4xx_hal_rcc_ex.o
                0x08001830                HAL_RCCEx_PeriphCLKConfig
 .text.HAL_SRAM_Init
                0x08001c68       0x58 Drivers/STM32L4xx_HAL_Driver/Src/stm32l4xx_hal_sram.o
                0x08001c68                HAL_SRAM_Init
 .text.HAL_TIM_Base_MspInit
                0x08001cc0        0x4 Drivers/STM32L4xx_HAL_Driver/Src/stm32l4xx_hal_tim.o
                0x08001cc0                HAL_TIM_Base_MspInit
 .text.HAL_TIM_Base_Start_IT
                0x08001cc4       0x18 Drivers/STM32L4xx_HAL_Driver/Src/stm32l4xx_hal_tim.o
                0x08001cc4                HAL_TIM_Base_Start_IT
 .text.HAL_TIM_OC_DelayElapsedCallback
                0x08001cdc        0x4 Drivers/STM32L4xx_HAL_Driver/Src/stm32l4xx_hal_tim.o
                0x08001cdc                HAL_TIM_OC_DelayElapsedCallback
 .text.HAL_TIM_IC_CaptureCallback
                0x08001ce0        0x4 Drivers/STM32L4xx_HAL_Driver/Src/stm32l4xx_hal_tim.o
                0x08001ce0                HAL_TIM_IC_CaptureCallback
 .text.HAL_TIM_PWM_PulseFinishedCallback
                0x08001ce4        0x4 Drivers/STM32L4xx_HAL_Driver/Src/stm32l4xx_hal_tim.o
                0x08001ce4                HAL_TIM_PWM_PulseFinishedCallback
 .text.HAL_TIM_TriggerCallback
                0x08001ce8        0x4 Drivers/STM32L4xx_HAL_Driver/Src/stm32l4xx_hal_tim.o
                0x08001ce8                HAL_TIM_TriggerCallback
 .text.HAL_TIM_IRQHandler
                0x08001cec      0x174 Drivers/STM32L4xx_HAL_Driver/Src/stm32l4xx_hal_tim.o
                0x08001cec                HAL_TIM_IRQHandler
 .text.TIM_Base_SetConfig
                0x08001e60       0xc0 Drivers/STM32L4xx_HAL_Driver/Src/stm32l4xx_hal_tim.o
                0x08001e60                TIM_Base_SetConfig
 .text.HAL_TIM_Base_Init
                0x08001f20       0x38 Drivers/STM32L4xx_HAL_Driver/Src/stm32l4xx_hal_tim.o
                0x08001f20                HAL_TIM_Base_Init
 .text.HAL_TIMEx_CommutationCallback
                0x08001f58        0x4 Drivers/STM32L4xx_HAL_Driver/Src/stm32l4xx_hal_tim_ex.o
                0x08001f58                HAL_TIMEx_CommutationCallback
 .text.HAL_TIMEx_BreakCallback
                0x08001f5c        0x4 Drivers/STM32L4xx_HAL_Driver/Src/stm32l4xx_hal_tim_ex.o
                0x08001f5c                HAL_TIMEx_BreakCallback
 .text.UART_SetConfig
                0x08001f60      0x3e4 Drivers/STM32L4xx_HAL_Driver/Src/stm32l4xx_hal_uart.o
                0x08001f60                UART_SetConfig
 .text.UART_AdvFeatureConfig
                0x08002344       0xc8 Drivers/STM32L4xx_HAL_Driver/Src/stm32l4xx_hal_uart.o
                0x08002344                UART_AdvFeatureConfig
 .text.UART_WaitOnFlagUntilTimeout
                0x0800240c       0x68 Drivers/STM32L4xx_HAL_Driver/Src/stm32l4xx_hal_uart.o
                0x0800240c                UART_WaitOnFlagUntilTimeout
 .text.HAL_UART_Transmit
                0x08002474       0xd0 Drivers/STM32L4xx_HAL_Driver/Src/stm32l4xx_hal_uart.o
                0x08002474                HAL_UART_Transmit
 .text.UART_CheckIdleState
                0x08002544       0x6c Drivers/STM32L4xx_HAL_Driver/Src/stm32l4xx_hal_uart.o
                0x08002544                UART_CheckIdleState
 .text.HAL_UART_Init
                0x080025b0       0x6c Drivers/STM32L4xx_HAL_Driver/Src/stm32l4xx_hal_uart.o
                0x080025b0                HAL_UART_Init
 .text.FMC_NORSRAM_Init
                0x0800261c       0xbc Drivers/STM32L4xx_HAL_Driver/Src/stm32l4xx_ll_fmc.o
                0x0800261c                FMC_NORSRAM_Init
 .text.FMC_NORSRAM_Timing_Init
                0x080026d8       0xc0 Drivers/STM32L4xx_HAL_Driver/Src/stm32l4xx_ll_fmc.o
                0x080026d8                FMC_NORSRAM_Timing_Init
 .text.FMC_NORSRAM_Extended_Timing_Init
                0x08002798       0x6c Drivers/STM32L4xx_HAL_Driver/Src/stm32l4xx_ll_fmc.o
                0x08002798                FMC_NORSRAM_Extended_Timing_Init
 .text.makeFreeRtosPriority
                0x08002804        0xc Middlewares/Third_Party/FreeRTOS/Source/CMSIS_RTOS/cmsis_os.o
 .text.osKernelStart
                0x08002810        0xc Middlewares/Third_Party/FreeRTOS/Source/CMSIS_RTOS/cmsis_os.o
                0x08002810                osKernelStart
 .text.osThreadCreate
                0x0800281c       0x34 Middlewares/Third_Party/FreeRTOS/Source/CMSIS_RTOS/cmsis_os.o
                0x0800281c                osThreadCreate
 .text.osDelay  0x08002850       0x10 Middlewares/Third_Party/FreeRTOS/Source/CMSIS_RTOS/cmsis_os.o
                0x08002850                osDelay
 .text.osSystickHandler
                0x08002860       0x10 Middlewares/Third_Party/FreeRTOS/Source/CMSIS_RTOS/cmsis_os.o
                0x08002860                osSystickHandler
 .text.vListInitialise
                0x08002870       0x18 Middlewares/Third_Party/FreeRTOS/Source/list.o
                0x08002870                vListInitialise
 .text.vListInitialiseItem
                0x08002888        0x8 Middlewares/Third_Party/FreeRTOS/Source/list.o
                0x08002888                vListInitialiseItem
 .text.vListInsertEnd
                0x08002890       0x18 Middlewares/Third_Party/FreeRTOS/Source/list.o
                0x08002890                vListInsertEnd
 .text.vListInsert
                0x080028a8       0x34 Middlewares/Third_Party/FreeRTOS/Source/list.o
                0x080028a8                vListInsert
 .text.uxListRemove
                0x080028dc       0x24 Middlewares/Third_Party/FreeRTOS/Source/list.o
                0x080028dc                uxListRemove
 .text.prvResetNextTaskUnblockTime
                0x08002900       0x2c Middlewares/Third_Party/FreeRTOS/Source/tasks.o
 .text.prvDeleteTCB
                0x0800292c       0x14 Middlewares/Third_Party/FreeRTOS/Source/tasks.o
 .text.prvInitialiseNewTask
                0x08002940       0x90 Middlewares/Third_Party/FreeRTOS/Source/tasks.o
 .text.prvInitialiseTaskLists
                0x080029d0       0x58 Middlewares/Third_Party/FreeRTOS/Source/tasks.o
 .text.prvAddNewTaskToReadyList
                0x08002a28       0xac Middlewares/Third_Party/FreeRTOS/Source/tasks.o
 .text.prvAddCurrentTaskToDelayedList
                0x08002ad4       0x84 Middlewares/Third_Party/FreeRTOS/Source/tasks.o
 .text.xTaskCreate
                0x08002b58       0x64 Middlewares/Third_Party/FreeRTOS/Source/tasks.o
                0x08002b58                xTaskCreate
 .text.vTaskStartScheduler
                0x08002bbc       0x74 Middlewares/Third_Party/FreeRTOS/Source/tasks.o
                0x08002bbc                vTaskStartScheduler
 .text.vTaskSuspendAll
                0x08002c30       0x14 Middlewares/Third_Party/FreeRTOS/Source/tasks.o
                0x08002c30                vTaskSuspendAll
 .text.xTaskGetTickCount
                0x08002c44        0xc Middlewares/Third_Party/FreeRTOS/Source/tasks.o
                0x08002c44                xTaskGetTickCount
 .text.xTaskIncrementTick
                0x08002c50      0x118 Middlewares/Third_Party/FreeRTOS/Source/tasks.o
                0x08002c50                xTaskIncrementTick
 .text.xTaskResumeAll
                0x08002d68       0xf4 Middlewares/Third_Party/FreeRTOS/Source/tasks.o
                0x08002d68                xTaskResumeAll
 .text.vTaskDelay
                0x08002e5c       0x50 Middlewares/Third_Party/FreeRTOS/Source/tasks.o
                0x08002e5c                vTaskDelay
 .text.prvCheckTasksWaitingTermination
                0x08002eac       0x54 Middlewares/Third_Party/FreeRTOS/Source/tasks.o
 .text.prvIdleTask
                0x08002f00       0x28 Middlewares/Third_Party/FreeRTOS/Source/tasks.o
 .text.vTaskSwitchContext
                0x08002f28       0x90 Middlewares/Third_Party/FreeRTOS/Source/tasks.o
                0x08002f28                vTaskSwitchContext
 .text.xTaskGetSchedulerState
                0x08002fb8       0x20 Middlewares/Third_Party/FreeRTOS/Source/tasks.o
                0x08002fb8                xTaskGetSchedulerState
 .text.prvTaskExitError
                0x08002fd8       0x34 Middlewares/Third_Party/FreeRTOS/Source/portable/GCC/ARM_CM4F/port.o
 .text.prvPortStartFirstTask
                0x0800300c       0x20 Middlewares/Third_Party/FreeRTOS/Source/portable/GCC/ARM_CM4F/port.o
 .text.vPortEnableVFP
                0x0800302c       0x14 Middlewares/Third_Party/FreeRTOS/Source/portable/GCC/ARM_CM4F/port.o
 .text.pxPortInitialiseStack
                0x08003040       0x2c Middlewares/Third_Party/FreeRTOS/Source/portable/GCC/ARM_CM4F/port.o
                0x08003040                pxPortInitialiseStack
 *fill*         0x0800306c        0x4 
 .text.SVC_Handler
                0x08003070       0x24 Middlewares/Third_Party/FreeRTOS/Source/portable/GCC/ARM_CM4F/port.o
                0x08003070                SVC_Handler
 .text.vPortEnterCritical
                0x08003094       0x44 Middlewares/Third_Party/FreeRTOS/Source/portable/GCC/ARM_CM4F/port.o
                0x08003094                vPortEnterCritical
 .text.vPortExitCritical
                0x080030d8       0x2c Middlewares/Third_Party/FreeRTOS/Source/portable/GCC/ARM_CM4F/port.o
                0x080030d8                vPortExitCritical
 *fill*         0x08003104        0xc 
 .text.PendSV_Handler
                0x08003110       0x64 Middlewares/Third_Party/FreeRTOS/Source/portable/GCC/ARM_CM4F/port.o
                0x08003110                PendSV_Handler
 .text.xPortSysTickHandler
                0x08003174       0x2c Middlewares/Third_Party/FreeRTOS/Source/portable/GCC/ARM_CM4F/port.o
                0x08003174                xPortSysTickHandler
 .text.vPortSetupTimerInterrupt
                0x080031a0       0x2c Middlewares/Third_Party/FreeRTOS/Source/portable/GCC/ARM_CM4F/port.o
                0x080031a0                vPortSetupTimerInterrupt
 .text.xPortStartScheduler
                0x080031cc       0xe8 Middlewares/Third_Party/FreeRTOS/Source/portable/GCC/ARM_CM4F/port.o
                0x080031cc                xPortStartScheduler
 .text.prvHeapInit
                0x080032b4       0x58 Middlewares/Third_Party/FreeRTOS/Source/portable/MemMang/heap_4.o
 .text.prvInsertBlockIntoFreeList
                0x0800330c       0x58 Middlewares/Third_Party/FreeRTOS/Source/portable/MemMang/heap_4.o
 .text.pvPortMalloc
                0x08003364      0x10c Middlewares/Third_Party/FreeRTOS/Source/portable/MemMang/heap_4.o
                0x08003364                pvPortMalloc
 .text.vPortFree
                0x08003470       0x78 Middlewares/Third_Party/FreeRTOS/Source/portable/MemMang/heap_4.o
                0x08003470                vPortFree
 .text.GUI_X_Config
                0x080034e8       0x1c STemWin/Config/GUIConf.o
                0x080034e8                GUI_X_Config
 .text.GUI_X_GetTime
                0x08003504        0x8 STemWin/Config/GUI_X_FreeRTOS.o
                0x08003504                GUI_X_GetTime
 .text.GUI_X_Init
                0x0800350c        0x4 STemWin/Config/GUI_X_FreeRTOS.o
                0x0800350c                GUI_X_Init
 .text.LcdWriteReg
                0x08003510        0x8 STemWin/Config/LCDConf_FlexColor_Template.o
 .text.LcdWriteData
                0x08003518        0xc STemWin/Config/LCDConf_FlexColor_Template.o
 .text.LcdWriteDataMultiple
                0x08003524       0x18 STemWin/Config/LCDConf_FlexColor_Template.o
 .text.LcdReadDataMultiple
                0x0800353c       0x1c STemWin/Config/LCDConf_FlexColor_Template.o
 .text.LCD_X_Config
                0x08003558       0x8c STemWin/Config/LCDConf_FlexColor_Template.o
                0x08003558                LCD_X_Config
 .text.LCD_X_DisplayDriver
                0x080035e4       0x10 STemWin/Config/LCDConf_FlexColor_Template.o
                0x080035e4                LCD_X_DisplayDriver
 .text.MX_GPIO_Init
                0x080035f4       0xec Src/main.o
 .text.LcdDisplayTask
                0x080036e0       0x40 Src/main.o
                0x080036e0                LcdDisplayTask
 .text.SerialPortTask
                0x08003720       0x14 Src/main.o
                0x08003720                SerialPortTask
 .text.StartDefaultTask
                0x08003734        0xc Src/main.o
                0x08003734                StartDefaultTask
 .text._write   0x08003740       0x24 Src/main.o
                0x08003740                _write
 .text.HAL_TIM_PeriodElapsedCallback
                0x08003764       0x10 Src/main.o
                0x08003764                HAL_TIM_PeriodElapsedCallback
 .text.Error_Handler
                0x08003774        0x4 Src/main.o
                0x08003774                Error_Handler
 .text.MX_CRC_Init
                0x08003778       0x2c Src/main.o
 .text.MX_FMC_Init
                0x080037a4       0x60 Src/main.o
 .text.MX_UART4_Init
                0x08003804       0x38 Src/main.o
 .text.SystemClock_Config
                0x0800383c       0xa0 Src/main.o
                0x0800383c                SystemClock_Config
 .text.main     0x080038dc       0xb4 Src/main.o
                0x080038dc                main
 .text.HAL_FMC_MspInit
                0x08003990       0x70 Src/stm32l4xx_hal_msp.o
 .text.HAL_MspInit
                0x08003a00       0x90 Src/stm32l4xx_hal_msp.o
                0x08003a00                HAL_MspInit
 .text.HAL_CRC_MspInit
                0x08003a90       0x28 Src/stm32l4xx_hal_msp.o
                0x08003a90                HAL_CRC_MspInit
 .text.HAL_UART_MspInit
                0x08003ab8       0x64 Src/stm32l4xx_hal_msp.o
                0x08003ab8                HAL_UART_MspInit
 .text.HAL_SRAM_MspInit
                0x08003b1c        0x8 Src/stm32l4xx_hal_msp.o
                0x08003b1c                HAL_SRAM_MspInit
 .text.HAL_InitTick
                0x08003b24       0x78 Src/stm32l4xx_hal_timebase_TIM.o
                0x08003b24                HAL_InitTick
 .text.NMI_Handler
                0x08003b9c        0x4 Src/stm32l4xx_it.o
                0x08003b9c                NMI_Handler
 .text.HardFault_Handler
                0x08003ba0        0x4 Src/stm32l4xx_it.o
                0x08003ba0                HardFault_Handler
 .text.MemManage_Handler
                0x08003ba4        0x4 Src/stm32l4xx_it.o
                0x08003ba4                MemManage_Handler
 .text.BusFault_Handler
                0x08003ba8        0x4 Src/stm32l4xx_it.o
                0x08003ba8                BusFault_Handler
 .text.UsageFault_Handler
                0x08003bac        0x4 Src/stm32l4xx_it.o
                0x08003bac                UsageFault_Handler
 .text.DebugMon_Handler
                0x08003bb0        0x4 Src/stm32l4xx_it.o
                0x08003bb0                DebugMon_Handler
 .text.SysTick_Handler
                0x08003bb4        0x8 Src/stm32l4xx_it.o
                0x08003bb4                SysTick_Handler
 .text.TIM2_IRQHandler
                0x08003bbc       0x10 Src/stm32l4xx_it.o
                0x08003bbc                TIM2_IRQHandler
 .text.SystemInit
                0x08003bcc       0x48 Src/system_stm32l4xx.o
                0x08003bcc                SystemInit
 .text.LCD_Rst  0x08003c14       0x24 lcd/ili9341.o
                0x08003c14                LCD_Rst
 .text.LCD_REG_Config
                0x08003c38       0x70 lcd/ili9341.o
                0x08003c38                LCD_REG_Config
 .text.LCD_Init
                0x08003ca8        0xc lcd/ili9341.o
                0x08003ca8                LCD_Init
 .text.LCD_RD_data
                0x08003cb4       0x24 lcd/ili9341.o
                0x08003cb4                LCD_RD_data
 .text.Reset_Handler
                0x08003cd8       0x50 startup/startup_stm32l476xx.o
                0x08003cd8                Reset_Handler
 .text.Default_Handler
                0x08003d28        0x2 startup/startup_stm32l476xx.o
                0x08003d28                RTC_Alarm_IRQHandler
                0x08003d28                EXTI2_IRQHandler
                0x08003d28                TIM8_TRG_COM_IRQHandler
                0x08003d28                TIM8_CC_IRQHandler
                0x08003d28                TIM1_CC_IRQHandler
                0x08003d28                TSC_IRQHandler
                0x08003d28                TAMP_STAMP_IRQHandler
                0x08003d28                EXTI3_IRQHandler
                0x08003d28                LPTIM2_IRQHandler
                0x08003d28                DFSDM1_FLT1_IRQHandler
                0x08003d28                I2C3_ER_IRQHandler
                0x08003d28                DFSDM1_FLT2_IRQHandler
                0x08003d28                EXTI0_IRQHandler
                0x08003d28                I2C2_EV_IRQHandler
                0x08003d28                CAN1_RX0_IRQHandler
                0x08003d28                FPU_IRQHandler
                0x08003d28                TIM1_UP_TIM16_IRQHandler
                0x08003d28                ADC1_2_IRQHandler
                0x08003d28                SPI1_IRQHandler
                0x08003d28                TIM6_DAC_IRQHandler
                0x08003d28                TIM8_UP_IRQHandler
                0x08003d28                DMA2_Channel2_IRQHandler
                0x08003d28                DMA1_Channel4_IRQHandler
                0x08003d28                SAI2_IRQHandler
                0x08003d28                DFSDM1_FLT3_IRQHandler
                0x08003d28                USART3_IRQHandler
                0x08003d28                DMA1_Channel7_IRQHandler
                0x08003d28                CAN1_RX1_IRQHandler
                0x08003d28                LCD_IRQHandler
                0x08003d28                UART5_IRQHandler
                0x08003d28                ADC3_IRQHandler
                0x08003d28                TIM4_IRQHandler
                0x08003d28                DMA2_Channel1_IRQHandler
                0x08003d28                QUADSPI_IRQHandler
                0x08003d28                I2C1_EV_IRQHandler
                0x08003d28                DMA1_Channel6_IRQHandler
                0x08003d28                UART4_IRQHandler
                0x08003d28                DMA2_Channel4_IRQHandler
                0x08003d28                TIM3_IRQHandler
                0x08003d28                RCC_IRQHandler
                0x08003d28                DMA1_Channel1_IRQHandler
                0x08003d28                Default_Handler
                0x08003d28                DMA2_Channel7_IRQHandler
                0x08003d28                EXTI15_10_IRQHandler
                0x08003d28                TIM7_IRQHandler
                0x08003d28                SDMMC1_IRQHandler
                0x08003d28                TIM5_IRQHandler
                0x08003d28                I2C3_EV_IRQHandler
                0x08003d28                EXTI9_5_IRQHandler
                0x08003d28                RTC_WKUP_IRQHandler
                0x08003d28                PVD_PVM_IRQHandler
                0x08003d28                SPI2_IRQHandler
                0x08003d28                CAN1_TX_IRQHandler
                0x08003d28                DMA2_Channel5_IRQHandler
                0x08003d28                DMA1_Channel5_IRQHandler
                0x08003d28                EXTI4_IRQHandler
                0x08003d28                RNG_IRQHandler
                0x08003d28                TIM1_TRG_COM_TIM17_IRQHandler
                0x08003d28                DMA1_Channel3_IRQHandler
                0x08003d28                COMP_IRQHandler
                0x08003d28                WWDG_IRQHandler
                0x08003d28                LPUART1_IRQHandler
                0x08003d28                DMA2_Channel6_IRQHandler
                0x08003d28                EXTI1_IRQHandler
                0x08003d28                USART2_IRQHandler
                0x08003d28                DFSDM1_FLT0_IRQHandler
                0x08003d28                I2C2_ER_IRQHandler
                0x08003d28                DMA1_Channel2_IRQHandler
                0x08003d28                TIM8_BRK_IRQHandler
                0x08003d28                CAN1_SCE_IRQHandler
                0x08003d28                FLASH_IRQHandler
                0x08003d28                USART1_IRQHandler
                0x08003d28                OTG_FS_IRQHandler
                0x08003d28                SPI3_IRQHandler
                0x08003d28                I2C1_ER_IRQHandler
                0x08003d28                FMC_IRQHandler
                0x08003d28                SWPMI1_IRQHandler
                0x08003d28                LPTIM1_IRQHandler
                0x08003d28                SAI1_IRQHandler
                0x08003d28                DMA2_Channel3_IRQHandler
                0x08003d28                TIM1_BRK_TIM15_IRQHandler
 .text._SetPhysRAMAddr
                0x08003d2a       0xa2 D:\Ac6\project\read\read\STemWin\Lib/STemWin522_CM4_GCC.a(GUIDRV_FlexColor_Func66709.o)
 .text._SetRect
                0x08003dcc       0xaa D:\Ac6\project\read\read\STemWin\Lib/STemWin522_CM4_GCC.a(GUIDRV_FlexColor_Func66709.o)
 *fill*         0x08003e76        0x2 
 .text._SetOrientation
                0x08003e78       0x3c D:\Ac6\project\read\read\STemWin\Lib/STemWin522_CM4_GCC.a(GUIDRV_FlexColor_Func66709.o)
 .text._ReadPixel_16bpp_B8
                0x08003eb4       0x36 D:\Ac6\project\read\read\STemWin\Lib/STemWin522_CM4_GCC.a(GUIDRV_FlexColor_Func66709.o)
 .text._ReadPixel_16bpp_B16_I
                0x08003eea       0x3e D:\Ac6\project\read\read\STemWin\Lib/STemWin522_CM4_GCC.a(GUIDRV_FlexColor_Func66709.o)
 .text._SetReg_B8
                0x08003f28       0x18 D:\Ac6\project\read\read\STemWin\Lib/STemWin522_CM4_GCC.a(GUIDRV_FlexColor_Func66709.o)
 .text._SetReg_B16
                0x08003f40        0xc D:\Ac6\project\read\read\STemWin\Lib/STemWin522_CM4_GCC.a(GUIDRV_FlexColor_Func66709.o)
 .text._WritePara_B8
                0x08003f4c        0xc D:\Ac6\project\read\read\STemWin\Lib/STemWin522_CM4_GCC.a(GUIDRV_FlexColor_Func66709.o)
 .text._WritePara_B16
                0x08003f58        0xc D:\Ac6\project\read\read\STemWin\Lib/STemWin522_CM4_GCC.a(GUIDRV_FlexColor_Func66709.o)
 .text._SetInterface
                0x08003f64       0x30 D:\Ac6\project\read\read\STemWin\Lib/STemWin522_CM4_GCC.a(GUIDRV_FlexColor_Func66709.o)
 .text._ReadRect_16bpp_B16_I
                0x08003f94       0x62 D:\Ac6\project\read\read\STemWin\Lib/STemWin522_CM4_GCC.a(GUIDRV_FlexColor_Func66709.o)
 .text._ReadRect_16bpp_B8
                0x08003ff6       0x60 D:\Ac6\project\read\read\STemWin\Lib/STemWin522_CM4_GCC.a(GUIDRV_FlexColor_Func66709.o)
 *fill*         0x08004056        0x2 
 .text.GUIDRV_FlexColor_SetFunc66709
                0x08004058       0x74 D:\Ac6\project\read\read\STemWin\Lib/STemWin522_CM4_GCC.a(GUIDRV_FlexColor_Func66709.o)
                0x08004058                GUIDRV_FlexColor_SetFunc66709
 .text._ReadData
                0x080040cc        0xa D:\Ac6\project\read\read\STemWin\Lib/STemWin522_CM4_GCC.a(GUIDRV_FlexColor_16bpp_C0B16.o)
 .text._WriteData
                0x080040d6        0xc D:\Ac6\project\read\read\STemWin\Lib/STemWin522_CM4_GCC.a(GUIDRV_FlexColor_16bpp_C0B16.o)
 *fill*         0x080040e2        0x2 
 .text._DrawBitmap
                0x080040e4      0x524 D:\Ac6\project\read\read\STemWin\Lib/STemWin522_CM4_GCC.a(GUIDRV_FlexColor_16bpp_C0B16.o)
 .text._FillRect
                0x08004608       0xec D:\Ac6\project\read\read\STemWin\Lib/STemWin522_CM4_GCC.a(GUIDRV_FlexColor_16bpp_C0B16.o)
 .text.GUIDRV_FlexColor_SetMode16bppC0B16
                0x080046f4       0x68 D:\Ac6\project\read\read\STemWin\Lib/STemWin522_CM4_GCC.a(GUIDRV_FlexColor_16bpp_C0B16.o)
                0x080046f4                GUIDRV_FlexColor_SetMode16bppC0B16
 .text._Log2PhysX_X0Y0S0
                0x0800475c        0x4 D:\Ac6\project\read\read\STemWin\Lib/STemWin522_CM4_GCC.a(GUIDRV_FlexColor.o)
 .text._Log2PhysX_X1Y0S0
                0x08004760        0x8 D:\Ac6\project\read\read\STemWin\Lib/STemWin522_CM4_GCC.a(GUIDRV_FlexColor.o)
 .text._Log2PhysX_X0Y1S0
                0x08004768        0x4 D:\Ac6\project\read\read\STemWin\Lib/STemWin522_CM4_GCC.a(GUIDRV_FlexColor.o)
 .text._Log2PhysX_X1Y1S0
                0x0800476c        0x8 D:\Ac6\project\read\read\STemWin\Lib/STemWin522_CM4_GCC.a(GUIDRV_FlexColor.o)
 .text._Log2PhysX_X0Y0S1
                0x08004774        0x4 D:\Ac6\project\read\read\STemWin\Lib/STemWin522_CM4_GCC.a(GUIDRV_FlexColor.o)
 .text._Log2PhysX_X1Y0S1
                0x08004778        0x8 D:\Ac6\project\read\read\STemWin\Lib/STemWin522_CM4_GCC.a(GUIDRV_FlexColor.o)
 .text._Log2PhysX_X0Y1S1
                0x08004780        0x4 D:\Ac6\project\read\read\STemWin\Lib/STemWin522_CM4_GCC.a(GUIDRV_FlexColor.o)
 .text._Log2PhysX_X1Y1S1
                0x08004784        0x8 D:\Ac6\project\read\read\STemWin\Lib/STemWin522_CM4_GCC.a(GUIDRV_FlexColor.o)
 .text._Log2PhysY_X0Y0S0
                0x0800478c        0x4 D:\Ac6\project\read\read\STemWin\Lib/STemWin522_CM4_GCC.a(GUIDRV_FlexColor.o)
 .text._Log2PhysY_X1Y0S0
                0x08004790        0x4 D:\Ac6\project\read\read\STemWin\Lib/STemWin522_CM4_GCC.a(GUIDRV_FlexColor.o)
 .text._Log2PhysY_X0Y1S0
                0x08004794        0x8 D:\Ac6\project\read\read\STemWin\Lib/STemWin522_CM4_GCC.a(GUIDRV_FlexColor.o)
 .text._Log2PhysY_X1Y1S0
                0x0800479c        0x8 D:\Ac6\project\read\read\STemWin\Lib/STemWin522_CM4_GCC.a(GUIDRV_FlexColor.o)
 .text._Log2PhysY_X0Y0S1
                0x080047a4        0x4 D:\Ac6\project\read\read\STemWin\Lib/STemWin522_CM4_GCC.a(GUIDRV_FlexColor.o)
 .text._Log2PhysY_X1Y0S1
                0x080047a8        0x4 D:\Ac6\project\read\read\STemWin\Lib/STemWin522_CM4_GCC.a(GUIDRV_FlexColor.o)
 .text._Log2PhysY_X0Y1S1
                0x080047ac        0x8 D:\Ac6\project\read\read\STemWin\Lib/STemWin522_CM4_GCC.a(GUIDRV_FlexColor.o)
 .text._Log2PhysY_X1Y1S1
                0x080047b4        0x8 D:\Ac6\project\read\read\STemWin\Lib/STemWin522_CM4_GCC.a(GUIDRV_FlexColor.o)
 .text._SetPixelIndex
                0x080047bc        0xc D:\Ac6\project\read\read\STemWin\Lib/STemWin522_CM4_GCC.a(GUIDRV_FlexColor.o)
 .text._GetPixelIndex
                0x080047c8        0xc D:\Ac6\project\read\read\STemWin\Lib/STemWin522_CM4_GCC.a(GUIDRV_FlexColor.o)
 .text._XorPixel
                0x080047d4       0x26 D:\Ac6\project\read\read\STemWin\Lib/STemWin522_CM4_GCC.a(GUIDRV_FlexColor.o)
 .text._DrawHLine
                0x080047fa        0xe D:\Ac6\project\read\read\STemWin\Lib/STemWin522_CM4_GCC.a(GUIDRV_FlexColor.o)
 .text._DrawVLine
                0x08004808       0x10 D:\Ac6\project\read\read\STemWin\Lib/STemWin522_CM4_GCC.a(GUIDRV_FlexColor.o)
 .text._FillRect
                0x08004818       0x10 D:\Ac6\project\read\read\STemWin\Lib/STemWin522_CM4_GCC.a(GUIDRV_FlexColor.o)
 .text._DrawBitmap
                0x08004828       0x28 D:\Ac6\project\read\read\STemWin\Lib/STemWin522_CM4_GCC.a(GUIDRV_FlexColor.o)
 .text._SetOrg  0x08004850        0x2 D:\Ac6\project\read\read\STemWin\Lib/STemWin522_CM4_GCC.a(GUIDRV_FlexColor.o)
 .text._GetDevFunc_SetRect
                0x08004852        0x2 D:\Ac6\project\read\read\STemWin\Lib/STemWin522_CM4_GCC.a(GUIDRV_FlexColor.o)
 .text._GetDevFunc_SetRectOutside
                0x08004854       0x3c D:\Ac6\project\read\read\STemWin\Lib/STemWin522_CM4_GCC.a(GUIDRV_FlexColor.o)
 .text._ReadPixelCust_16bpp
                0x08004890        0xe D:\Ac6\project\read\read\STemWin\Lib/STemWin522_CM4_GCC.a(GUIDRV_FlexColor.o)
 .text._ReadPixelCust_18bpp
                0x0800489e        0xe D:\Ac6\project\read\read\STemWin\Lib/STemWin522_CM4_GCC.a(GUIDRV_FlexColor.o)
 .text._ReadRectCust_16bpp
                0x080048ac       0x38 D:\Ac6\project\read\read\STemWin\Lib/STemWin522_CM4_GCC.a(GUIDRV_FlexColor.o)
 .text._ReadRectCust_18bpp
                0x080048e4       0x38 D:\Ac6\project\read\read\STemWin\Lib/STemWin522_CM4_GCC.a(GUIDRV_FlexColor.o)
 .text._GetDevFunc
                0x0800491c       0x6c D:\Ac6\project\read\read\STemWin\Lib/STemWin522_CM4_GCC.a(GUIDRV_FlexColor.o)
 .text._GetDevProp
                0x08004988       0x60 D:\Ac6\project\read\read\STemWin\Lib/STemWin522_CM4_GCC.a(GUIDRV_FlexColor.o)
 .text._GetDevData
                0x080049e8        0xc D:\Ac6\project\read\read\STemWin\Lib/STemWin522_CM4_GCC.a(GUIDRV_FlexColor.o)
 .text._GetRect
                0x080049f4       0x16 D:\Ac6\project\read\read\STemWin\Lib/STemWin522_CM4_GCC.a(GUIDRV_FlexColor.o)
 *fill*         0x08004a0a        0x2 
 .text.GUIDRV_FlexColor__SetLog2Phys
                0x08004a0c       0x48 D:\Ac6\project\read\read\STemWin\Lib/STemWin522_CM4_GCC.a(GUIDRV_FlexColor.o)
                0x08004a0c                GUIDRV_FlexColor__SetLog2Phys
 .text.GUIDRV_FlexColor__SetPixelIndexNoCache
                0x08004a54       0x94 D:\Ac6\project\read\read\STemWin\Lib/STemWin522_CM4_GCC.a(GUIDRV_FlexColor.o)
                0x08004a54                GUIDRV_FlexColor__SetPixelIndexNoCache
 .text.GUIDRV_FlexColor__GetPixelIndexNoCache
                0x08004ae8       0xb6 D:\Ac6\project\read\read\STemWin\Lib/STemWin522_CM4_GCC.a(GUIDRV_FlexColor.o)
                0x08004ae8                GUIDRV_FlexColor__GetPixelIndexNoCache
 *fill*         0x08004b9e        0x2 
 .text.GUIDRV_FlexColor__InitOnce
                0x08004ba0       0x34 D:\Ac6\project\read\read\STemWin\Lib/STemWin522_CM4_GCC.a(GUIDRV_FlexColor.o)
                0x08004ba0                GUIDRV_FlexColor__InitOnce
 .text._SetDevFunc
                0x08004bd4       0x9c D:\Ac6\project\read\read\STemWin\Lib/STemWin522_CM4_GCC.a(GUIDRV_FlexColor.o)
 .text._GetDevFunc_Init
                0x08004c70       0x4a D:\Ac6\project\read\read\STemWin\Lib/STemWin522_CM4_GCC.a(GUIDRV_FlexColor.o)
 .text._GetDevFunc_SetSize
                0x08004cba       0x14 D:\Ac6\project\read\read\STemWin\Lib/STemWin522_CM4_GCC.a(GUIDRV_FlexColor.o)
 .text._GetDevFunc_SetVSize
                0x08004cce       0x14 D:\Ac6\project\read\read\STemWin\Lib/STemWin522_CM4_GCC.a(GUIDRV_FlexColor.o)
 .text.GUIDRV_FlexColor_Config
                0x08004ce2       0x3c D:\Ac6\project\read\read\STemWin\Lib/STemWin522_CM4_GCC.a(GUIDRV_FlexColor.o)
                0x08004ce2                GUIDRV_FlexColor_Config
 .text.GUIDRV_FlexColor_SetFunc
                0x08004d1e       0x32 D:\Ac6\project\read\read\STemWin\Lib/STemWin522_CM4_GCC.a(GUIDRV_FlexColor.o)
                0x08004d1e                GUIDRV_FlexColor_SetFunc
 .text.LCD_SetVSizeEx
                0x08004d50       0x2e D:\Ac6\project\read\read\STemWin\Lib/STemWin522_CM4_GCC.a(LCD_Set.o)
                0x08004d50                LCD_SetVSizeEx
 .text.LCD_SetSizeEx
                0x08004d7e       0x2e D:\Ac6\project\read\read\STemWin\Lib/STemWin522_CM4_GCC.a(LCD_Set.o)
                0x08004d7e                LCD_SetSizeEx
 .text.LCD_SetLUTEntryEx
                0x08004dac       0x2e D:\Ac6\project\read\read\STemWin\Lib/STemWin522_CM4_GCC.a(LCD_Set.o)
                0x08004dac                LCD_SetLUTEntryEx
 .text.GUI__memset16
                0x08004dda       0x5a D:\Ac6\project\read\read\STemWin\Lib/STemWin522_CM4_GCC.a(GUI__memset16.o)
                0x08004dda                GUI__memset16
 .text.GUI__memset
                0x08004e34       0x54 D:\Ac6\project\read\read\STemWin\Lib/STemWin522_CM4_GCC.a(GUI__memset.o)
                0x08004e34                GUI__memset
 .text.GUI_GetTime
                0x08004e88        0x4 D:\Ac6\project\read\read\STemWin\Lib/STemWin522_CM4_GCC.a(GUI_Time.o)
                0x08004e88                GUI_GetTime
 .text.GUI_DispString
                0x08004e8c      0x110 D:\Ac6\project\read\read\STemWin\Lib/STemWin522_CM4_GCC.a(GUI_DispString.o)
                0x08004e8c                GUI_DispString
 .text._UnlinkDevice
                0x08004f9c       0x2c D:\Ac6\project\read\read\STemWin\Lib/STemWin522_CM4_GCC.a(GUI_Device.o)
 .text.GUI_DEVICE__GetpDriver
                0x08004fc8       0x20 D:\Ac6\project\read\read\STemWin\Lib/STemWin522_CM4_GCC.a(GUI_Device.o)
                0x08004fc8                GUI_DEVICE__GetpDriver
 .text.GUI_DEVICE_Delete
                0x08004fe8        0x4 D:\Ac6\project\read\read\STemWin\Lib/STemWin522_CM4_GCC.a(GUI_Device.o)
                0x08004fe8                GUI_DEVICE_Delete
 .text.GUI_DEVICE_Create
                0x08004fec       0x4c D:\Ac6\project\read\read\STemWin\Lib/STemWin522_CM4_GCC.a(GUI_Device.o)
                0x08004fec                GUI_DEVICE_Create
 .text.GUI_DEVICE_Unlink
                0x08005038        0x4 D:\Ac6\project\read\read\STemWin\Lib/STemWin522_CM4_GCC.a(GUI_Device.o)
                0x08005038                GUI_DEVICE_Unlink
 .text.GUI_DEVICE_Link
                0x0800503c       0x70 D:\Ac6\project\read\read\STemWin\Lib/STemWin522_CM4_GCC.a(GUI_Device.o)
                0x0800503c                GUI_DEVICE_Link
 .text.GUI_DEVICE_CreateAndLink
                0x080050ac       0x28 D:\Ac6\project\read\read\STemWin\Lib/STemWin522_CM4_GCC.a(GUI_Device.o)
                0x080050ac                GUI_DEVICE_CreateAndLink
 .text._OnExit  0x080050d4       0x2c D:\Ac6\project\read\read\STemWin\Lib/STemWin522_CM4_GCC.a(GUI_Core.o)
 .text._InitContext.constprop.0
                0x08005100       0x84 D:\Ac6\project\read\read\STemWin\Lib/STemWin522_CM4_GCC.a(GUI_Core.o)
 .text.GUI_SetDefaultFont
                0x08005184        0xc D:\Ac6\project\read\read\STemWin\Lib/STemWin522_CM4_GCC.a(GUI_Core.o)
                0x08005184                GUI_SetDefaultFont
 .text.GUI_ClearRect
                0x08005190       0x64 D:\Ac6\project\read\read\STemWin\Lib/STemWin522_CM4_GCC.a(GUI_Core.o)
                0x08005190                GUI_ClearRect
 .text.GUI_Clear
                0x080051f4       0x20 D:\Ac6\project\read\read\STemWin\Lib/STemWin522_CM4_GCC.a(GUI_Core.o)
                0x080051f4                GUI_Clear
 .text.GUI__RegisterExit
                0x08005214       0x2c D:\Ac6\project\read\read\STemWin\Lib/STemWin522_CM4_GCC.a(GUI_Core.o)
                0x08005214                GUI__RegisterExit
 .text.GUI__Config
                0x08005240       0x30 D:\Ac6\project\read\read\STemWin\Lib/STemWin522_CM4_GCC.a(GUI_Core.o)
                0x08005240                GUI__Config
 .text.GUI_Init
                0x08005270       0x94 D:\Ac6\project\read\read\STemWin\Lib/STemWin522_CM4_GCC.a(GUI_Core.o)
                0x08005270                GUI_Init
 .text.GUIMONO_DispChar
                0x08005304      0x150 D:\Ac6\project\read\read\STemWin\Lib/STemWin522_CM4_GCC.a(GUI_CharM.o)
                0x08005304                GUIMONO_DispChar
 .text.GUIMONO_GetCharDistX
                0x08005454       0x18 D:\Ac6\project\read\read\STemWin\Lib/STemWin522_CM4_GCC.a(GUI_CharM.o)
                0x08005454                GUIMONO_GetCharDistX
 .text.GUIMONO_GetFontInfo
                0x0800546c        0x6 D:\Ac6\project\read\read\STemWin\Lib/STemWin522_CM4_GCC.a(GUI_CharM.o)
                0x0800546c                GUIMONO_GetFontInfo
 .text.GUIMONO_IsInFont
                0x08005472       0x32 D:\Ac6\project\read\read\STemWin\Lib/STemWin522_CM4_GCC.a(GUI_CharM.o)
                0x08005472                GUIMONO_IsInFont
 .text._Log2VisBuffered
                0x080054a4        0x2 D:\Ac6\project\read\read\STemWin\Lib/STemWin522_CM4_GCC.a(GUI_CharLine.o)
 *fill*         0x080054a6        0x2 
 .text._DispLine
                0x080054a8       0x80 D:\Ac6\project\read\read\STemWin\Lib/STemWin522_CM4_GCC.a(GUI_CharLine.o)
 .text.GUI__GetLineNumChars
                0x08005528       0x38 D:\Ac6\project\read\read\STemWin\Lib/STemWin522_CM4_GCC.a(GUI_CharLine.o)
                0x08005528                GUI__GetLineNumChars
 .text.GUI__GetOverlap
                0x08005560       0x1c D:\Ac6\project\read\read\STemWin\Lib/STemWin522_CM4_GCC.a(GUI_CharLine.o)
                0x08005560                GUI__GetOverlap
 .text.GUI__GetLineDistX
                0x0800557c       0x5c D:\Ac6\project\read\read\STemWin\Lib/STemWin522_CM4_GCC.a(GUI_CharLine.o)
                0x0800557c                GUI__GetLineDistX
 .text.GUI__DispLine
                0x080055d8       0xa8 D:\Ac6\project\read\read\STemWin\Lib/STemWin522_CM4_GCC.a(GUI_CharLine.o)
                0x080055d8                GUI__DispLine
 .text.GUI_GetYAdjust
                0x08005680       0x30 D:\Ac6\project\read\read\STemWin\Lib/STemWin522_CM4_GCC.a(GUI_Char.o)
                0x08005680                GUI_GetYAdjust
 .text.GUI_GetFontDistY
                0x080056b0       0x10 D:\Ac6\project\read\read\STemWin\Lib/STemWin522_CM4_GCC.a(GUI_Char.o)
                0x080056b0                GUI_GetFontDistY
 .text.GUI_GetCharDistX
                0x080056c0       0x14 D:\Ac6\project\read\read\STemWin\Lib/STemWin522_CM4_GCC.a(GUI_Char.o)
                0x080056c0                GUI_GetCharDistX
 .text.GUI_GetCharDistXEx
                0x080056d4       0x14 D:\Ac6\project\read\read\STemWin\Lib/STemWin522_CM4_GCC.a(GUI_Char.o)
                0x080056d4                GUI_GetCharDistXEx
 .text._PushFreeBlock
                0x080056e8       0x24 D:\Ac6\project\read\read\STemWin\Lib/STemWin522_CM4_GCC.a(GUI_Alloc.o)
 .text._OnExit  0x0800570c       0x38 D:\Ac6\project\read\read\STemWin\Lib/STemWin522_CM4_GCC.a(GUI_Alloc.o)
 .text._RemoveFreeBlock
                0x08005744       0x3c D:\Ac6\project\read\read\STemWin\Lib/STemWin522_CM4_GCC.a(GUI_Alloc.o)
 .text._AddFreeMemory
                0x08005780       0x8c D:\Ac6\project\read\read\STemWin\Lib/STemWin522_CM4_GCC.a(GUI_Alloc.o)
 .text._RemoveHoles
                0x0800580c       0x90 D:\Ac6\project\read\read\STemWin\Lib/STemWin522_CM4_GCC.a(GUI_Alloc.o)
 .text.GUI_ALLOC_FreeFixedBlock
                0x0800589c       0x14 D:\Ac6\project\read\read\STemWin\Lib/STemWin522_CM4_GCC.a(GUI_Alloc.o)
                0x0800589c                GUI_ALLOC_FreeFixedBlock
 .text.GUI_ALLOC_h2p
                0x080058b0       0x14 D:\Ac6\project\read\read\STemWin\Lib/STemWin522_CM4_GCC.a(GUI_Alloc.o)
                0x080058b0                GUI_ALLOC_h2p
 .text.GUI_ALLOC_LockH
                0x080058c4       0x1c D:\Ac6\project\read\read\STemWin\Lib/STemWin522_CM4_GCC.a(GUI_Alloc.o)
                0x080058c4                GUI_ALLOC_LockH
 .text.GUI_ALLOC_UnlockH
                0x080058e0       0x30 D:\Ac6\project\read\read\STemWin\Lib/STemWin522_CM4_GCC.a(GUI_Alloc.o)
                0x080058e0                GUI_ALLOC_UnlockH
 .text.GUI_ALLOC_AssignMemory
                0x08005910       0x10 D:\Ac6\project\read\read\STemWin\Lib/STemWin522_CM4_GCC.a(GUI_Alloc.o)
                0x08005910                GUI_ALLOC_AssignMemory
 .text.GUI_ALLOC_Free
                0x08005920       0x30 D:\Ac6\project\read\read\STemWin\Lib/STemWin522_CM4_GCC.a(GUI_Alloc.o)
                0x08005920                GUI_ALLOC_Free
 .text._EnlargeBlocks
                0x08005950       0x9c D:\Ac6\project\read\read\STemWin\Lib/STemWin522_CM4_GCC.a(GUI_Alloc.o)
 .text._InitOnce
                0x080059ec      0x164 D:\Ac6\project\read\read\STemWin\Lib/STemWin522_CM4_GCC.a(GUI_Alloc.o)
 .text.GUI_ALLOC_GetFixedBlock
                0x08005b50       0x9c D:\Ac6\project\read\read\STemWin\Lib/STemWin522_CM4_GCC.a(GUI_Alloc.o)
                0x08005b50                GUI_ALLOC_GetFixedBlock
 .text._Alloc   0x08005bec       0xf0 D:\Ac6\project\read\read\STemWin\Lib/STemWin522_CM4_GCC.a(GUI_Alloc.o)
 .text.GUI_ALLOC_AllocNoInit
                0x08005cdc        0x8 D:\Ac6\project\read\read\STemWin\Lib/STemWin522_CM4_GCC.a(GUI_Alloc.o)
                0x08005cdc                GUI_ALLOC_AllocNoInit
 .text._Color2Index_565
                0x08005ce4       0x28 D:\Ac6\project\read\read\STemWin\Lib/STemWin522_CM4_GCC.a(GUICC_565.o)
 .text._GetIndexMask_565
                0x08005d0c        0x6 D:\Ac6\project\read\read\STemWin\Lib/STemWin522_CM4_GCC.a(GUICC_565.o)
 *fill*         0x08005d12        0x2 
 .text._Color2IndexBulk
                0x08005d14       0x34 D:\Ac6\project\read\read\STemWin\Lib/STemWin522_CM4_GCC.a(GUICC_565.o)
 .text._Index2ColorBulk
                0x08005d48       0x40 D:\Ac6\project\read\read\STemWin\Lib/STemWin522_CM4_GCC.a(GUICC_565.o)
 .text.WM_GetDesktopWindow
                0x08005d88       0x18 D:\Ac6\project\read\read\STemWin\Lib/STemWin522_CM4_GCC.a(WM_GetDesktopWindow.o)
                0x08005d88                WM_GetDesktopWindow
 .text._OnExit  0x08005da0       0x50 D:\Ac6\project\read\read\STemWin\Lib/STemWin522_CM4_GCC.a(WM.o)
 .text._Findy1  0x08005df0       0xac D:\Ac6\project\read\read\STemWin\Lib/STemWin522_CM4_GCC.a(WM.o)
 .text._Findx0  0x08005e9c       0x8a D:\Ac6\project\read\read\STemWin\Lib/STemWin522_CM4_GCC.a(WM.o)
 .text._Findx1  0x08005f26       0x76 D:\Ac6\project\read\read\STemWin\Lib/STemWin522_CM4_GCC.a(WM.o)
 .text.WM__ClipAtParentBorders
                0x08005f9c       0x60 D:\Ac6\project\read\read\STemWin\Lib/STemWin522_CM4_GCC.a(WM.o)
                0x08005f9c                WM__ClipAtParentBorders
 .text.WM__InsertWindowIntoList
                0x08005ffc       0x9c D:\Ac6\project\read\read\STemWin\Lib/STemWin522_CM4_GCC.a(WM.o)
                0x08005ffc                WM__InsertWindowIntoList
 .text.WM__Client2Screen
                0x08006098       0x10 D:\Ac6\project\read\read\STemWin\Lib/STemWin522_CM4_GCC.a(WM.o)
                0x08006098                WM__Client2Screen
 .text._SetClipRectUserIntersect
                0x080060a8       0x50 D:\Ac6\project\read\read\STemWin\Lib/STemWin522_CM4_GCC.a(WM.o)
 .text.WM__ActivateClipRect
                0x080060f8       0x48 D:\Ac6\project\read\read\STemWin\Lib/STemWin522_CM4_GCC.a(WM.o)
                0x080060f8                WM__ActivateClipRect
 .text.WM__InvalidateDrawAndDescs
                0x08006140       0x42 D:\Ac6\project\read\read\STemWin\Lib/STemWin522_CM4_GCC.a(WM.o)
                0x08006140                WM__InvalidateDrawAndDescs
 .text.WM__RectIsNZ
                0x08006182       0x22 D:\Ac6\project\read\read\STemWin\Lib/STemWin522_CM4_GCC.a(WM.o)
                0x08006182                WM__RectIsNZ
 .text._Invalidate1Abs
                0x080061a4       0x88 D:\Ac6\project\read\read\STemWin\Lib/STemWin522_CM4_GCC.a(WM.o)
 .text.WM_InvalidateWindowAndDescsEx
                0x0800622c       0x5c D:\Ac6\project\read\read\STemWin\Lib/STemWin522_CM4_GCC.a(WM.o)
                0x0800622c                WM_InvalidateWindowAndDescsEx
 .text.WM__InvalidateRect
                0x08006288       0x76 D:\Ac6\project\read\read\STemWin\Lib/STemWin522_CM4_GCC.a(WM.o)
                0x08006288                WM__InvalidateRect
 .text.WM__InvalidateRectEx
                0x080062fe        0x6 D:\Ac6\project\read\read\STemWin\Lib/STemWin522_CM4_GCC.a(WM.o)
                0x080062fe                WM__InvalidateRectEx
 .text.WM__Invalidate1Abs
                0x08006304        0x6 D:\Ac6\project\read\read\STemWin\Lib/STemWin522_CM4_GCC.a(WM.o)
                0x08006304                WM__Invalidate1Abs
 .text.WM__SendMsgNoData
                0x0800630a       0x14 D:\Ac6\project\read\read\STemWin\Lib/STemWin522_CM4_GCC.a(WM.o)
                0x0800630a                WM__SendMsgNoData
 .text.WM__GetClientRectWin
                0x0800631e       0x18 D:\Ac6\project\read\read\STemWin\Lib/STemWin522_CM4_GCC.a(WM.o)
                0x0800631e                WM__GetClientRectWin
 .text.WM_InvalidateRect
                0x08006336       0x78 D:\Ac6\project\read\read\STemWin\Lib/STemWin522_CM4_GCC.a(WM.o)
                0x08006336                WM_InvalidateRect
 .text.WM_InvalidateWindow
                0x080063ae        0x6 D:\Ac6\project\read\read\STemWin\Lib/STemWin522_CM4_GCC.a(WM.o)
                0x080063ae                WM_InvalidateWindow
 .text.WM__GetTopLevelLayer
                0x080063b4       0x28 D:\Ac6\project\read\read\STemWin\Lib/STemWin522_CM4_GCC.a(WM.o)
                0x080063b4                WM__GetTopLevelLayer
 .text.WM__SelectTopLevelLayer
                0x080063dc       0x14 D:\Ac6\project\read\read\STemWin\Lib/STemWin522_CM4_GCC.a(WM.o)
                0x080063dc                WM__SelectTopLevelLayer
 .text.WM_SelectWindow
                0x080063f0       0x40 D:\Ac6\project\read\read\STemWin\Lib/STemWin522_CM4_GCC.a(WM.o)
                0x080063f0                WM_SelectWindow
 .text.WM_CreateWindowAsChild
                0x08006430      0x160 D:\Ac6\project\read\read\STemWin\Lib/STemWin522_CM4_GCC.a(WM.o)
                0x08006430                WM_CreateWindowAsChild
 .text.WM__GetNextIVR
                0x08006590      0x180 D:\Ac6\project\read\read\STemWin\Lib/STemWin522_CM4_GCC.a(WM.o)
                0x08006590                WM__GetNextIVR
 .text.WM__InitIVRSearch
                0x08006710      0x100 D:\Ac6\project\read\read\STemWin\Lib/STemWin522_CM4_GCC.a(WM.o)
                0x08006710                WM__InitIVRSearch
 .text.WM_Activate
                0x08006810       0x10 D:\Ac6\project\read\read\STemWin\Lib/STemWin522_CM4_GCC.a(WM.o)
                0x08006810                WM_Activate
 .text.WM_DefaultProc
                0x08006820       0x48 D:\Ac6\project\read\read\STemWin\Lib/STemWin522_CM4_GCC.a(WM.o)
                0x08006820                WM_DefaultProc
 .text.cbBackWin
                0x08006868       0x68 D:\Ac6\project\read\read\STemWin\Lib/STemWin522_CM4_GCC.a(WM.o)
 .text.WM_Init  0x080068d0       0xf4 D:\Ac6\project\read\read\STemWin\Lib/STemWin522_CM4_GCC.a(WM.o)
                0x080068d0                WM_Init
 .text.GUI_MEMDEV_GetDataPtr
                0x080069c4       0x18 D:\Ac6\project\read\read\STemWin\Lib/STemWin522_CM4_GCC.a(GUIDEV_GetDataPtr.o)
                0x080069c4                GUI_MEMDEV_GetDataPtr
 .text._GetDevData
                0x080069dc       0x10 D:\Ac6\project\read\read\STemWin\Lib/STemWin522_CM4_GCC.a(GUIDEV_16.o)
 .text._GetDevFunc
                0x080069ec       0x10 D:\Ac6\project\read\read\STemWin\Lib/STemWin522_CM4_GCC.a(GUIDEV_16.o)
 .text._SetOrg  0x080069fc        0xc D:\Ac6\project\read\read\STemWin\Lib/STemWin522_CM4_GCC.a(GUIDEV_16.o)
 .text._GetDevProp
                0x08006a08        0xc D:\Ac6\project\read\read\STemWin\Lib/STemWin522_CM4_GCC.a(GUIDEV_16.o)
 .text._GetRect
                0x08006a14       0x30 D:\Ac6\project\read\read\STemWin\Lib/STemWin522_CM4_GCC.a(GUIDEV_16.o)
 .text._XY2PTR  0x08006a44       0x40 D:\Ac6\project\read\read\STemWin\Lib/STemWin522_CM4_GCC.a(GUIDEV_16.o)
 .text._GetPixelIndex
                0x08006a84        0xe D:\Ac6\project\read\read\STemWin\Lib/STemWin522_CM4_GCC.a(GUIDEV_16.o)
 *fill*         0x08006a92        0x2 
 .text._XorPixel
                0x08006a94       0x58 D:\Ac6\project\read\read\STemWin\Lib/STemWin522_CM4_GCC.a(GUIDEV_16.o)
 .text._SetPixelIndex
                0x08006aec       0x4c D:\Ac6\project\read\read\STemWin\Lib/STemWin522_CM4_GCC.a(GUIDEV_16.o)
 .text._DrawVLine
                0x08006b38       0xb8 D:\Ac6\project\read\read\STemWin\Lib/STemWin522_CM4_GCC.a(GUIDEV_16.o)
 .text._FillRect
                0x08006bf0       0xb0 D:\Ac6\project\read\read\STemWin\Lib/STemWin522_CM4_GCC.a(GUIDEV_16.o)
 .text._DrawHLine
                0x08006ca0        0xa D:\Ac6\project\read\read\STemWin\Lib/STemWin522_CM4_GCC.a(GUIDEV_16.o)
 *fill*         0x08006caa        0x2 
 .text._DrawBitmap
                0x08006cac      0x720 D:\Ac6\project\read\read\STemWin\Lib/STemWin522_CM4_GCC.a(GUIDEV_16.o)
 .text.GUI_MEMDEV_GetBitsPerPixel
                0x080073cc       0x28 D:\Ac6\project\read\read\STemWin\Lib/STemWin522_CM4_GCC.a(GUIDEV.o)
                0x080073cc                GUI_MEMDEV_GetBitsPerPixel
 .text.GUI_MEMDEV_Delete
                0x080073f4       0x44 D:\Ac6\project\read\read\STemWin\Lib/STemWin522_CM4_GCC.a(GUIDEV.o)
                0x080073f4                GUI_MEMDEV_Delete
 .text.LCD_UpdateColorIndices
                0x08007438       0x24 D:\Ac6\project\read\read\STemWin\Lib/STemWin522_CM4_GCC.a(LCD_UpdateColorIndices.o)
                0x08007438                LCD_UpdateColorIndices
 .text.LCD_SetClipRectEx
                0x0800745c       0x30 D:\Ac6\project\read\read\STemWin\Lib/STemWin522_CM4_GCC.a(LCD_SetClipRectEx.o)
                0x0800745c                LCD_SetClipRectEx
 .text._GetDevProp
                0x0800748c       0x1e D:\Ac6\project\read\read\STemWin\Lib/STemWin522_CM4_GCC.a(LCD_GetEx.o)
 .text.LCD_GetBitsPerPixelEx
                0x080074aa        0x6 D:\Ac6\project\read\read\STemWin\Lib/STemWin522_CM4_GCC.a(LCD_GetEx.o)
                0x080074aa                LCD_GetBitsPerPixelEx
 .text.LCD_GetNumColorsEx
                0x080074b0        0x6 D:\Ac6\project\read\read\STemWin\Lib/STemWin522_CM4_GCC.a(LCD_GetEx.o)
                0x080074b0                LCD_GetNumColorsEx
 *fill*         0x080074b6        0x2 
 .text.LCD_GetNumColors
                0x080074b8       0x10 D:\Ac6\project\read\read\STemWin\Lib/STemWin522_CM4_GCC.a(LCD_GetEx.o)
                0x080074b8                LCD_GetNumColors
 .text.GUI_GetBitsPerPixelEx
                0x080074c8       0x18 D:\Ac6\project\read\read\STemWin\Lib/STemWin522_CM4_GCC.a(LCD_GetEx.o)
                0x080074c8                GUI_GetBitsPerPixelEx
 .text.LCD_GetPaletteEx
                0x080074e0       0x14 D:\Ac6\project\read\read\STemWin\Lib/STemWin522_CM4_GCC.a(LCD_GetEx.o)
                0x080074e0                LCD_GetPaletteEx
 .text.LCD_GetPalette
                0x080074f4       0x10 D:\Ac6\project\read\read\STemWin\Lib/STemWin522_CM4_GCC.a(LCD_GetEx.o)
                0x080074f4                LCD_GetPalette
 .text.GUI_GetpfIndex2ColorEx
                0x08007504       0x10 D:\Ac6\project\read\read\STemWin\Lib/STemWin522_CM4_GCC.a(LCD_GetEx.o)
                0x08007504                GUI_GetpfIndex2ColorEx
 .text.GUI_GetpfColor2IndexEx
                0x08007514       0x10 D:\Ac6\project\read\read\STemWin\Lib/STemWin522_CM4_GCC.a(LCD_GetEx.o)
                0x08007514                GUI_GetpfColor2IndexEx
 .text.LCD__GetBPP
                0x08007524       0x82 D:\Ac6\project\read\read\STemWin\Lib/STemWin522_CM4_GCC.a(LCD_GetEx.o)
                0x08007524                LCD__GetBPP
 .text.LCD__GetBPPDevice
                0x080075a6       0x2c D:\Ac6\project\read\read\STemWin\Lib/STemWin522_CM4_GCC.a(LCD_GetEx.o)
                0x080075a6                LCD__GetBPPDevice
 *fill*         0x080075d2        0x2 
 .text._OnExit  0x080075d4       0x14 D:\Ac6\project\read\read\STemWin\Lib/STemWin522_CM4_GCC.a(LCD_Color.o)
 .text.LCD_InitColors
                0x080075e8       0x38 D:\Ac6\project\read\read\STemWin\Lib/STemWin522_CM4_GCC.a(LCD_Color.o)
                0x080075e8                LCD_InitColors
 .text.LCD_InitLUT
                0x08007620       0x74 D:\Ac6\project\read\read\STemWin\Lib/STemWin522_CM4_GCC.a(LCD_Color.o)
                0x08007620                LCD_InitLUT
 .text._SetDrawMode
                0x08007694       0x28 D:\Ac6\project\read\read\STemWin\Lib/STemWin522_CM4_GCC.a(LCD.o)
 .text.LCD_SetDrawMode
                0x080076bc       0x10 D:\Ac6\project\read\read\STemWin\Lib/STemWin522_CM4_GCC.a(LCD.o)
                0x080076bc                LCD_SetDrawMode
 .text.LCD_DrawPixel
                0x080076cc       0x5c D:\Ac6\project\read\read\STemWin\Lib/STemWin522_CM4_GCC.a(LCD.o)
                0x080076cc                LCD_DrawPixel
 .text.LCD_DrawHLine
                0x08007728       0x4c D:\Ac6\project\read\read\STemWin\Lib/STemWin522_CM4_GCC.a(LCD.o)
                0x08007728                LCD_DrawHLine
 .text.LCD_FillRect
                0x08007774       0x54 D:\Ac6\project\read\read\STemWin\Lib/STemWin522_CM4_GCC.a(LCD.o)
                0x08007774                LCD_FillRect
 .text.LCD__DrawBitmap_1bpp
                0x080077c8      0x1b8 D:\Ac6\project\read\read\STemWin\Lib/STemWin522_CM4_GCC.a(LCD.o)
                0x080077c8                LCD__DrawBitmap_1bpp
 .text.LCD_DrawBitmap
                0x08007980      0x21c D:\Ac6\project\read\read\STemWin\Lib/STemWin522_CM4_GCC.a(LCD.o)
                0x08007980                LCD_DrawBitmap
 .text.LCD_SetClipRectMax
                0x08007b9c       0x20 D:\Ac6\project\read\read\STemWin\Lib/STemWin522_CM4_GCC.a(LCD.o)
                0x08007b9c                LCD_SetClipRectMax
 .text.emWin_LCD_Init
                0x08007bbc       0x8e D:\Ac6\project\read\read\STemWin\Lib/STemWin522_CM4_GCC.a(LCD.o)
                0x08007bbc                emWin_LCD_Init
 *fill*         0x08007c4a        0x2 
 .text.LCD_Color2Index
                0x08007c4c       0x20 D:\Ac6\project\read\read\STemWin\Lib/STemWin522_CM4_GCC.a(LCD.o)
                0x08007c4c                LCD_Color2Index
 .text.LCD_Index2Color
                0x08007c6c       0x20 D:\Ac6\project\read\read\STemWin\Lib/STemWin522_CM4_GCC.a(LCD.o)
                0x08007c6c                LCD_Index2Color
 .text.LCD_SetColorIndex
                0x08007c8c       0x1c D:\Ac6\project\read\read\STemWin\Lib/STemWin522_CM4_GCC.a(LCD.o)
                0x08007c8c                LCD_SetColorIndex
 .text._SetColor
                0x08007ca8       0x20 D:\Ac6\project\read\read\STemWin\Lib/STemWin522_CM4_GCC.a(LCD.o)
 .text.LCD_SetBkColorIndex
                0x08007cc8       0x1c D:\Ac6\project\read\read\STemWin\Lib/STemWin522_CM4_GCC.a(LCD.o)
                0x08007cc8                LCD_SetBkColorIndex
 .text._SetBkColor
                0x08007ce4       0x20 D:\Ac6\project\read\read\STemWin\Lib/STemWin522_CM4_GCC.a(LCD.o)
 .text.LCD_SetBkColor
                0x08007d04       0x10 D:\Ac6\project\read\read\STemWin\Lib/STemWin522_CM4_GCC.a(LCD.o)
                0x08007d04                LCD_SetBkColor
 .text.LCD_SetColor
                0x08007d14       0x10 D:\Ac6\project\read\read\STemWin\Lib/STemWin522_CM4_GCC.a(LCD.o)
                0x08007d14                LCD_SetColor
 .text.GUI__ManageCacheEx
                0x08007d24       0xc0 D:\Ac6\project\read\read\STemWin\Lib/STemWin522_CM4_GCC.a(GUI__ManageCache.o)
                0x08007d24                GUI__ManageCacheEx
 .text.GUI__ManageCache
                0x08007de4       0x10 D:\Ac6\project\read\read\STemWin\Lib/STemWin522_CM4_GCC.a(GUI__ManageCache.o)
                0x08007de4                GUI__ManageCache
 .text.GUI__IntersectRects
                0x08007df4       0x64 D:\Ac6\project\read\read\STemWin\Lib/STemWin522_CM4_GCC.a(GUI__IntersectRects.o)
                0x08007df4                GUI__IntersectRects
 .text.GUI__IntersectRect
                0x08007e58       0x3c D:\Ac6\project\read\read\STemWin\Lib/STemWin522_CM4_GCC.a(GUI__IntersectRect.o)
                0x08007e58                GUI__IntersectRect
 .text.GUI_SignalEvent
                0x08007e94       0x10 D:\Ac6\project\read\read\STemWin\Lib/STemWin522_CM4_GCC.a(GUI_WaitEvent.o)
                0x08007e94                GUI_SignalEvent
 .text._GetCharCode
                0x08007ea4        0x4 D:\Ac6\project\read\read\STemWin\Lib/STemWin522_CM4_GCC.a(GUI_UC_EncodeNone.o)
 .text._GetCharSize
                0x08007ea8        0x4 D:\Ac6\project\read\read\STemWin\Lib/STemWin522_CM4_GCC.a(GUI_UC_EncodeNone.o)
 .text._CalcSizeOfChar
                0x08007eac        0x4 D:\Ac6\project\read\read\STemWin\Lib/STemWin522_CM4_GCC.a(GUI_UC_EncodeNone.o)
 .text._Encode  0x08007eb0        0x6 D:\Ac6\project\read\read\STemWin\Lib/STemWin522_CM4_GCC.a(GUI_UC_EncodeNone.o)
 *fill*         0x08007eb6        0x2 
 .text.GUI_UC__GetCharCodeInc
                0x08007eb8       0x28 D:\Ac6\project\read\read\STemWin\Lib/STemWin522_CM4_GCC.a(GUI_UC.o)
                0x08007eb8                GUI_UC__GetCharCodeInc
 .text.GUI_UC__NumChars2NumBytes
                0x08007ee0       0x24 D:\Ac6\project\read\read\STemWin\Lib/STemWin522_CM4_GCC.a(GUI_UC.o)
                0x08007ee0                GUI_UC__NumChars2NumBytes
 .text.GUI_SetOrg
                0x08007f04       0x34 D:\Ac6\project\read\read\STemWin\Lib/STemWin522_CM4_GCC.a(GUI_SetOrg.o)
                0x08007f04                GUI_SetOrg
 .text.GUI_SetBkColor
                0x08007f38        0x4 D:\Ac6\project\read\read\STemWin\Lib/STemWin522_CM4_GCC.a(GUI_SetColor.o)
                0x08007f38                GUI_SetBkColor
 .text.GUI_SelectLayer
                0x08007f3c       0x24 D:\Ac6\project\read\read\STemWin\Lib/STemWin522_CM4_GCC.a(GUI_SelectLayer.o)
                0x08007f3c                GUI_SelectLayer
 .text.GUI_SelectLCD
                0x08007f60       0x12 D:\Ac6\project\read\read\STemWin\Lib/STemWin522_CM4_GCC.a(GUI_SelectLCD.o)
                0x08007f60                GUI_SelectLCD
 .text.GUI_RectsIntersect
                0x08007f72       0x3a D:\Ac6\project\read\read\STemWin\Lib/STemWin522_CM4_GCC.a(GUI_RectsIntersect.o)
                0x08007f72                GUI_RectsIntersect
 .text.GUI_StoreKey
                0x08007fac       0x10 D:\Ac6\project\read\read\STemWin\Lib/STemWin522_CM4_GCC.a(GUI_OnKey.o)
                0x08007fac                GUI_StoreKey
 .text.GUI_MoveRect
                0x08007fbc       0x20 D:\Ac6\project\read\read\STemWin\Lib/STemWin522_CM4_GCC.a(GUI_MoveRect.o)
                0x08007fbc                GUI_MoveRect
 .text.GUI_MergeRect
                0x08007fdc       0x56 D:\Ac6\project\read\read\STemWin\Lib/STemWin522_CM4_GCC.a(GUI_MergeRect.o)
                0x08007fdc                GUI_MergeRect
 *fill*         0x08008032        0x2 
 .text.GUI_GotoXY
                0x08008034       0x10 D:\Ac6\project\read\read\STemWin\Lib/STemWin522_CM4_GCC.a(GUI_Goto.o)
                0x08008034                GUI_GotoXY
 .text.GUI_ALLOC_AllocZero
                0x08008044       0x28 D:\Ac6\project\read\read\STemWin\Lib/STemWin522_CM4_GCC.a(GUI_ALLOC_AllocZero.o)
                0x08008044                GUI_ALLOC_AllocZero
 .text.LCD_Index2Color_565
                0x0800806c       0x28 D:\Ac6\project\read\read\STemWin\Lib/STemWin522_CM4_GCC.a(GUICC_565_Index2Color.o)
                0x0800806c                LCD_Index2Color_565
 .text._GetIndexMask_0
                0x08008094       0x52 D:\Ac6\project\read\read\STemWin\Lib/STemWin522_CM4_GCC.a(GUICC_0.o)
 .text._Index2Color_0
                0x080080e6       0x1e D:\Ac6\project\read\read\STemWin\Lib/STemWin522_CM4_GCC.a(GUICC_0.o)
 .text._Color2Index_0
                0x08008104       0x50 D:\Ac6\project\read\read\STemWin\Lib/STemWin522_CM4_GCC.a(GUICC_0.o)
 .text.WM__SendMessage
                0x08008154       0x3c D:\Ac6\project\read\read\STemWin\Lib/STemWin522_CM4_GCC.a(WM__SendMessage.o)
                0x08008154                WM__SendMessage
 .text.WM_SendToParent
                0x08008190       0x1c D:\Ac6\project\read\read\STemWin\Lib/STemWin522_CM4_GCC.a(WM_SendToParent.o)
                0x08008190                WM_SendToParent
 .text.WM_GetParent
                0x080081ac       0x10 D:\Ac6\project\read\read\STemWin\Lib/STemWin522_CM4_GCC.a(WM_GetParent.o)
                0x080081ac                WM_GetParent
 .text.WM_GetFirstChild
                0x080081bc       0x10 D:\Ac6\project\read\read\STemWin\Lib/STemWin522_CM4_GCC.a(WM_GetFirstChild.o)
                0x080081bc                WM_GetFirstChild
 .text.WM__GetClientRectEx
                0x080081cc       0x20 D:\Ac6\project\read\read\STemWin\Lib/STemWin522_CM4_GCC.a(WM_GetClientRect.o)
                0x080081cc                WM__GetClientRectEx
 .text.WM__AddCriticalHandle
                0x080081ec       0x10 D:\Ac6\project\read\read\STemWin\Lib/STemWin522_CM4_GCC.a(WM_CriticalHandle.o)
                0x080081ec                WM__AddCriticalHandle
 .text.WM_BringToBottom
                0x080081fc       0x88 D:\Ac6\project\read\read\STemWin\Lib/STemWin522_CM4_GCC.a(WM_BringToBottom.o)
                0x080081fc                WM_BringToBottom
 .text._Convert16
                0x08008284       0x3e D:\Ac6\project\read\read\STemWin\Lib/STemWin522_CM4_GCC.a(GUIDEV_WriteToActiveOpaque.o)
 *fill*         0x080082c2        0x2 
 .text.GUI_MEMDEV__WriteToActiveOpaque
                0x080082c4      0x64c D:\Ac6\project\read\read\STemWin\Lib/STemWin522_CM4_GCC.a(GUIDEV_WriteToActiveOpaque.o)
                0x080082c4                GUI_MEMDEV__WriteToActiveOpaque
 .text.GUI_USAGE_DecUseCnt
                0x08008910       0x26 D:\Ac6\project\read\read\STemWin\Lib/STemWin522_CM4_GCC.a(GUIDEV_Usage.o)
                0x08008910                GUI_USAGE_DecUseCnt
 .text.GUI_USAGE_AddRect
                0x08008936       0x28 D:\Ac6\project\read\read\STemWin\Lib/STemWin522_CM4_GCC.a(GUIDEV_Usage.o)
                0x08008936                GUI_USAGE_AddRect
 *fill*         0x0800895e        0x2 
 .text.LCD_SelectLCD
                0x08008960       0x40 D:\Ac6\project\read\read\STemWin\Lib/STemWin522_CM4_GCC.a(LCD_SelectLCD.o)
                0x08008960                LCD_SelectLCD
 .text.LCD_GetNumLayers
                0x080089a0       0x1c D:\Ac6\project\read\read\STemWin\Lib/STemWin522_CM4_GCC.a(LCD_GetNumDisplays.o)
                0x080089a0                LCD_GetNumLayers
 .text.GUI__CompactPixelIndices
                0x080089bc      0x142 D:\Ac6\project\read\read\STemWin\Lib/STemWin522_CM4_GCC.a(GUI__CompactPixelIndices.o)
                0x080089bc                GUI__CompactPixelIndices
 .text.GUI_CalcColorDist
                0x08008afe       0x4c D:\Ac6\project\read\read\STemWin\Lib/STemWin522_CM4_GCC.a(GUI_CalcColorDist.o)
                0x08008afe                GUI_CalcColorDist
 .text.WM__GetPrevSibling
                0x08008b4a       0x26 D:\Ac6\project\read\read\STemWin\Lib/STemWin522_CM4_GCC.a(WM__GetPrevSibling.o)
                0x08008b4a                WM__GetPrevSibling
 .text.WM__GetFirstSibling
                0x08008b70       0x12 D:\Ac6\project\read\read\STemWin\Lib/STemWin522_CM4_GCC.a(WM__GetFirstSibling.o)
                0x08008b70                WM__GetFirstSibling
 *fill*         0x08008b82        0x2 
 .text.__libc_init_array
                0x08008b84       0x4c d:/ac6/systemworkbench/plugins/fr.ac6.mcu.externaltools.arm-none.win32_1.13.2.201703061525/tools/compiler/bin/../lib/gcc/arm-none-eabi/5.4.1/../../../../arm-none-eabi/lib/armv7e-m/fpu\libc_nano.a(lib_a-init.o)
                0x08008b84                __libc_init_array
 .text.memcpy   0x08008bd0       0x16 d:/ac6/systemworkbench/plugins/fr.ac6.mcu.externaltools.arm-none.win32_1.13.2.201703061525/tools/compiler/bin/../lib/gcc/arm-none-eabi/5.4.1/../../../../arm-none-eabi/lib/armv7e-m/fpu\libc_nano.a(lib_a-memcpy-stub.o)
                0x08008bd0                memcpy
 .text.memmove  0x08008be6       0x36 d:/ac6/systemworkbench/plugins/fr.ac6.mcu.externaltools.arm-none.win32_1.13.2.201703061525/tools/compiler/bin/../lib/gcc/arm-none-eabi/5.4.1/../../../../arm-none-eabi/lib/armv7e-m/fpu\libc_nano.a(lib_a-memmove.o)
                0x08008be6                memmove
 .text.memset   0x08008c1c       0x10 d:/ac6/systemworkbench/plugins/fr.ac6.mcu.externaltools.arm-none.win32_1.13.2.201703061525/tools/compiler/bin/../lib/gcc/arm-none-eabi/5.4.1/../../../../arm-none-eabi/lib/armv7e-m/fpu\libc_nano.a(lib_a-memset.o)
                0x08008c1c                memset
 .text.printf   0x08008c2c       0x30 d:/ac6/systemworkbench/plugins/fr.ac6.mcu.externaltools.arm-none.win32_1.13.2.201703061525/tools/compiler/bin/../lib/gcc/arm-none-eabi/5.4.1/../../../../arm-none-eabi/lib/armv7e-m/fpu\libc_nano.a(lib_a-printf.o)
                0x08008c2c                iprintf
                0x08008c2c                printf
 .text._cleanup_r
                0x08008c5c        0xc d:/ac6/systemworkbench/plugins/fr.ac6.mcu.externaltools.arm-none.win32_1.13.2.201703061525/tools/compiler/bin/../lib/gcc/arm-none-eabi/5.4.1/../../../../arm-none-eabi/lib/armv7e-m/fpu\libc_nano.a(lib_a-findfp.o)
                0x08008c5c                _cleanup_r
 .text.std.isra.0
                0x08008c68       0x48 d:/ac6/systemworkbench/plugins/fr.ac6.mcu.externaltools.arm-none.win32_1.13.2.201703061525/tools/compiler/bin/../lib/gcc/arm-none-eabi/5.4.1/../../../../arm-none-eabi/lib/armv7e-m/fpu\libc_nano.a(lib_a-findfp.o)
 .text.__sfmoreglue
                0x08008cb0       0x2c d:/ac6/systemworkbench/plugins/fr.ac6.mcu.externaltools.arm-none.win32_1.13.2.201703061525/tools/compiler/bin/../lib/gcc/arm-none-eabi/5.4.1/../../../../arm-none-eabi/lib/armv7e-m/fpu\libc_nano.a(lib_a-findfp.o)
                0x08008cb0                __sfmoreglue
 .text.__sinit  0x08008cdc       0x60 d:/ac6/systemworkbench/plugins/fr.ac6.mcu.externaltools.arm-none.win32_1.13.2.201703061525/tools/compiler/bin/../lib/gcc/arm-none-eabi/5.4.1/../../../../arm-none-eabi/lib/armv7e-m/fpu\libc_nano.a(lib_a-findfp.o)
                0x08008cdc                __sinit
 .text.__sfp    0x08008d3c       0x78 d:/ac6/systemworkbench/plugins/fr.ac6.mcu.externaltools.arm-none.win32_1.13.2.201703061525/tools/compiler/bin/../lib/gcc/arm-none-eabi/5.4.1/../../../../arm-none-eabi/lib/armv7e-m/fpu\libc_nano.a(lib_a-findfp.o)
                0x08008d3c                __sfp
 .text._fwalk_reent
                0x08008db4       0x3c d:/ac6/systemworkbench/plugins/fr.ac6.mcu.externaltools.arm-none.win32_1.13.2.201703061525/tools/compiler/bin/../lib/gcc/arm-none-eabi/5.4.1/../../../../arm-none-eabi/lib/armv7e-m/fpu\libc_nano.a(lib_a-fwalk.o)
                0x08008db4                _fwalk_reent
 .text._malloc_r
                0x08008df0       0xbc d:/ac6/systemworkbench/plugins/fr.ac6.mcu.externaltools.arm-none.win32_1.13.2.201703061525/tools/compiler/bin/../lib/gcc/arm-none-eabi/5.4.1/../../../../arm-none-eabi/lib/armv7e-m/fpu\libc_nano.a(lib_a-nano-mallocr.o)
                0x08008df0                _malloc_r
 .text.__sfputc_r
                0x08008eac       0x30 d:/ac6/systemworkbench/plugins/fr.ac6.mcu.externaltools.arm-none.win32_1.13.2.201703061525/tools/compiler/bin/../lib/gcc/arm-none-eabi/5.4.1/../../../../arm-none-eabi/lib/armv7e-m/fpu\libc_nano.a(lib_a-nano-vfprintf.o)
 .text.__sfputs_r
                0x08008edc       0x24 d:/ac6/systemworkbench/plugins/fr.ac6.mcu.externaltools.arm-none.win32_1.13.2.201703061525/tools/compiler/bin/../lib/gcc/arm-none-eabi/5.4.1/../../../../arm-none-eabi/lib/armv7e-m/fpu\libc_nano.a(lib_a-nano-vfprintf.o)
                0x08008edc                __sfputs_r
 .text._vfprintf_r
                0x08008f00      0x238 d:/ac6/systemworkbench/plugins/fr.ac6.mcu.externaltools.arm-none.win32_1.13.2.201703061525/tools/compiler/bin/../lib/gcc/arm-none-eabi/5.4.1/../../../../arm-none-eabi/lib/armv7e-m/fpu\libc_nano.a(lib_a-nano-vfprintf.o)
                0x08008f00                _vfprintf_r
                0x08008f00                _vfiprintf_r
 .text._printf_common
                0x08009138       0xec d:/ac6/systemworkbench/plugins/fr.ac6.mcu.externaltools.arm-none.win32_1.13.2.201703061525/tools/compiler/bin/../lib/gcc/arm-none-eabi/5.4.1/../../../../arm-none-eabi/lib/armv7e-m/fpu\libc_nano.a(lib_a-nano-vfprintf_i.o)
                0x08009138                _printf_common
 .text._printf_i
                0x08009224      0x24c d:/ac6/systemworkbench/plugins/fr.ac6.mcu.externaltools.arm-none.win32_1.13.2.201703061525/tools/compiler/bin/../lib/gcc/arm-none-eabi/5.4.1/../../../../arm-none-eabi/lib/armv7e-m/fpu\libc_nano.a(lib_a-nano-vfprintf_i.o)
                0x08009224                _printf_i
 .text._sbrk_r  0x08009470       0x20 d:/ac6/systemworkbench/plugins/fr.ac6.mcu.externaltools.arm-none.win32_1.13.2.201703061525/tools/compiler/bin/../lib/gcc/arm-none-eabi/5.4.1/../../../../arm-none-eabi/lib/armv7e-m/fpu\libc_nano.a(lib_a-sbrkr.o)
                0x08009470                _sbrk_r
 .text.__sread  0x08009490       0x22 d:/ac6/systemworkbench/plugins/fr.ac6.mcu.externaltools.arm-none.win32_1.13.2.201703061525/tools/compiler/bin/../lib/gcc/arm-none-eabi/5.4.1/../../../../arm-none-eabi/lib/armv7e-m/fpu\libc_nano.a(lib_a-stdio.o)
                0x08009490                __sread
 .text.__swrite
                0x080094b2       0x38 d:/ac6/systemworkbench/plugins/fr.ac6.mcu.externaltools.arm-none.win32_1.13.2.201703061525/tools/compiler/bin/../lib/gcc/arm-none-eabi/5.4.1/../../../../arm-none-eabi/lib/armv7e-m/fpu\libc_nano.a(lib_a-stdio.o)
                0x080094b2                __swrite
 .text.__sseek  0x080094ea       0x24 d:/ac6/systemworkbench/plugins/fr.ac6.mcu.externaltools.arm-none.win32_1.13.2.201703061525/tools/compiler/bin/../lib/gcc/arm-none-eabi/5.4.1/../../../../arm-none-eabi/lib/armv7e-m/fpu\libc_nano.a(lib_a-stdio.o)
                0x080094ea                __sseek
 .text.__sclose
                0x0800950e        0x8 d:/ac6/systemworkbench/plugins/fr.ac6.mcu.externaltools.arm-none.win32_1.13.2.201703061525/tools/compiler/bin/../lib/gcc/arm-none-eabi/5.4.1/../../../../arm-none-eabi/lib/armv7e-m/fpu\libc_nano.a(lib_a-stdio.o)
                0x0800950e                __sclose
 *fill*         0x08009516        0x2 
 .text.__swbuf_r
                0x08009518       0xa8 d:/ac6/systemworkbench/plugins/fr.ac6.mcu.externaltools.arm-none.win32_1.13.2.201703061525/tools/compiler/bin/../lib/gcc/arm-none-eabi/5.4.1/../../../../arm-none-eabi/lib/armv7e-m/fpu\libc_nano.a(lib_a-wbuf.o)
                0x08009518                __swbuf_r
 .text._write_r
                0x080095c0       0x24 d:/ac6/systemworkbench/plugins/fr.ac6.mcu.externaltools.arm-none.win32_1.13.2.201703061525/tools/compiler/bin/../lib/gcc/arm-none-eabi/5.4.1/../../../../arm-none-eabi/lib/armv7e-m/fpu\libc_nano.a(lib_a-writer.o)
                0x080095c0                _write_r
 .text.__swsetup_r
                0x080095e4       0xdc d:/ac6/systemworkbench/plugins/fr.ac6.mcu.externaltools.arm-none.win32_1.13.2.201703061525/tools/compiler/bin/../lib/gcc/arm-none-eabi/5.4.1/../../../../arm-none-eabi/lib/armv7e-m/fpu\libc_nano.a(lib_a-wsetup.o)
                0x080095e4                __swsetup_r
 .text._close_r
                0x080096c0       0x20 d:/ac6/systemworkbench/plugins/fr.ac6.mcu.externaltools.arm-none.win32_1.13.2.201703061525/tools/compiler/bin/../lib/gcc/arm-none-eabi/5.4.1/../../../../arm-none-eabi/lib/armv7e-m/fpu\libc_nano.a(lib_a-closer.o)
                0x080096c0                _close_r
 .text.__sflush_r
                0x080096e0      0x110 d:/ac6/systemworkbench/plugins/fr.ac6.mcu.externaltools.arm-none.win32_1.13.2.201703061525/tools/compiler/bin/../lib/gcc/arm-none-eabi/5.4.1/../../../../arm-none-eabi/lib/armv7e-m/fpu\libc_nano.a(lib_a-fflush.o)
                0x080096e0                __sflush_r
 .text._fflush_r
                0x080097f0       0x54 d:/ac6/systemworkbench/plugins/fr.ac6.mcu.externaltools.arm-none.win32_1.13.2.201703061525/tools/compiler/bin/../lib/gcc/arm-none-eabi/5.4.1/../../../../arm-none-eabi/lib/armv7e-m/fpu\libc_nano.a(lib_a-fflush.o)
                0x080097f0                _fflush_r
 .text._lseek_r
                0x08009844       0x24 d:/ac6/systemworkbench/plugins/fr.ac6.mcu.externaltools.arm-none.win32_1.13.2.201703061525/tools/compiler/bin/../lib/gcc/arm-none-eabi/5.4.1/../../../../arm-none-eabi/lib/armv7e-m/fpu\libc_nano.a(lib_a-lseekr.o)
                0x08009844                _lseek_r
 .text.__swhatbuf_r
                0x08009868       0x46 d:/ac6/systemworkbench/plugins/fr.ac6.mcu.externaltools.arm-none.win32_1.13.2.201703061525/tools/compiler/bin/../lib/gcc/arm-none-eabi/5.4.1/../../../../arm-none-eabi/lib/armv7e-m/fpu\libc_nano.a(lib_a-makebuf.o)
                0x08009868                __swhatbuf_r
 *fill*         0x080098ae        0x2 
 .text.__smakebuf_r
                0x080098b0       0x78 d:/ac6/systemworkbench/plugins/fr.ac6.mcu.externaltools.arm-none.win32_1.13.2.201703061525/tools/compiler/bin/../lib/gcc/arm-none-eabi/5.4.1/../../../../arm-none-eabi/lib/armv7e-m/fpu\libc_nano.a(lib_a-makebuf.o)
                0x080098b0                __smakebuf_r
 .text.__malloc_lock
                0x08009928        0x2 d:/ac6/systemworkbench/plugins/fr.ac6.mcu.externaltools.arm-none.win32_1.13.2.201703061525/tools/compiler/bin/../lib/gcc/arm-none-eabi/5.4.1/../../../../arm-none-eabi/lib/armv7e-m/fpu\libc_nano.a(lib_a-mlock.o)
                0x08009928                __malloc_lock
 .text.__malloc_unlock
                0x0800992a        0x2 d:/ac6/systemworkbench/plugins/fr.ac6.mcu.externaltools.arm-none.win32_1.13.2.201703061525/tools/compiler/bin/../lib/gcc/arm-none-eabi/5.4.1/../../../../arm-none-eabi/lib/armv7e-m/fpu\libc_nano.a(lib_a-mlock.o)
                0x0800992a                __malloc_unlock
 .text._free_r  0x0800992c       0x9c d:/ac6/systemworkbench/plugins/fr.ac6.mcu.externaltools.arm-none.win32_1.13.2.201703061525/tools/compiler/bin/../lib/gcc/arm-none-eabi/5.4.1/../../../../arm-none-eabi/lib/armv7e-m/fpu\libc_nano.a(lib_a-nano-freer.o)
                0x0800992c                _free_r
 .text._read_r  0x080099c8       0x24 d:/ac6/systemworkbench/plugins/fr.ac6.mcu.externaltools.arm-none.win32_1.13.2.201703061525/tools/compiler/bin/../lib/gcc/arm-none-eabi/5.4.1/../../../../arm-none-eabi/lib/armv7e-m/fpu\libc_nano.a(lib_a-readr.o)
                0x080099c8                _read_r
 .text._fstat_r
                0x080099ec       0x24 d:/ac6/systemworkbench/plugins/fr.ac6.mcu.externaltools.arm-none.win32_1.13.2.201703061525/tools/compiler/bin/../lib/gcc/arm-none-eabi/5.4.1/../../../../arm-none-eabi/lib/armv7e-m/fpu\libc_nano.a(lib_a-fstatr.o)
                0x080099ec                _fstat_r
 .text._isatty_r
                0x08009a10       0x20 d:/ac6/systemworkbench/plugins/fr.ac6.mcu.externaltools.arm-none.win32_1.13.2.201703061525/tools/compiler/bin/../lib/gcc/arm-none-eabi/5.4.1/../../../../arm-none-eabi/lib/armv7e-m/fpu\libc_nano.a(lib_a-isattyr.o)
                0x08009a10                _isatty_r
 .text._close   0x08009a30       0x10 d:/ac6/systemworkbench/plugins/fr.ac6.mcu.externaltools.arm-none.win32_1.13.2.201703061525/tools/compiler/bin/../lib/gcc/arm-none-eabi/5.4.1/../../../../arm-none-eabi/lib/armv7e-m/fpu\libnosys.a(close.o)
                0x08009a30                _close
 .text._fstat   0x08009a40       0x10 d:/ac6/systemworkbench/plugins/fr.ac6.mcu.externaltools.arm-none.win32_1.13.2.201703061525/tools/compiler/bin/../lib/gcc/arm-none-eabi/5.4.1/../../../../arm-none-eabi/lib/armv7e-m/fpu\libnosys.a(fstat.o)
                0x08009a40                _fstat
 .text._isatty  0x08009a50       0x10 d:/ac6/systemworkbench/plugins/fr.ac6.mcu.externaltools.arm-none.win32_1.13.2.201703061525/tools/compiler/bin/../lib/gcc/arm-none-eabi/5.4.1/../../../../arm-none-eabi/lib/armv7e-m/fpu\libnosys.a(isatty.o)
                0x08009a50                _isatty
 .text._lseek   0x08009a60       0x10 d:/ac6/systemworkbench/plugins/fr.ac6.mcu.externaltools.arm-none.win32_1.13.2.201703061525/tools/compiler/bin/../lib/gcc/arm-none-eabi/5.4.1/../../../../arm-none-eabi/lib/armv7e-m/fpu\libnosys.a(lseek.o)
                0x08009a60                _lseek
 .text._read    0x08009a70       0x10 d:/ac6/systemworkbench/plugins/fr.ac6.mcu.externaltools.arm-none.win32_1.13.2.201703061525/tools/compiler/bin/../lib/gcc/arm-none-eabi/5.4.1/../../../../arm-none-eabi/lib/armv7e-m/fpu\libnosys.a(read.o)
                0x08009a70                _read
 .text._sbrk    0x08009a80       0x1c d:/ac6/systemworkbench/plugins/fr.ac6.mcu.externaltools.arm-none.win32_1.13.2.201703061525/tools/compiler/bin/../lib/gcc/arm-none-eabi/5.4.1/../../../../arm-none-eabi/lib/armv7e-m/fpu\libnosys.a(sbrk.o)
                0x08009a80                _sbrk
 *(.glue_7)
 .glue_7        0x08009a9c        0x0 linker stubs
 *(.glue_7t)
 .glue_7t       0x08009a9c        0x0 linker stubs
 *(.eh_frame)
 .eh_frame      0x08009a9c        0x0 d:/ac6/systemworkbench/plugins/fr.ac6.mcu.externaltools.arm-none.win32_1.13.2.201703061525/tools/compiler/bin/../lib/gcc/arm-none-eabi/5.4.1/armv7e-m/fpu/crtbegin.o
 *(.init)
 .init          0x08009a9c        0x4 d:/ac6/systemworkbench/plugins/fr.ac6.mcu.externaltools.arm-none.win32_1.13.2.201703061525/tools/compiler/bin/../lib/gcc/arm-none-eabi/5.4.1/armv7e-m/fpu/crti.o
                0x08009a9c                _init
 .init          0x08009aa0        0x8 d:/ac6/systemworkbench/plugins/fr.ac6.mcu.externaltools.arm-none.win32_1.13.2.201703061525/tools/compiler/bin/../lib/gcc/arm-none-eabi/5.4.1/armv7e-m/fpu/crtn.o
 *(.fini)
 .fini          0x08009aa8        0x4 d:/ac6/systemworkbench/plugins/fr.ac6.mcu.externaltools.arm-none.win32_1.13.2.201703061525/tools/compiler/bin/../lib/gcc/arm-none-eabi/5.4.1/armv7e-m/fpu/crti.o
                0x08009aa8                _fini
 .fini          0x08009aac        0x8 d:/ac6/systemworkbench/plugins/fr.ac6.mcu.externaltools.arm-none.win32_1.13.2.201703061525/tools/compiler/bin/../lib/gcc/arm-none-eabi/5.4.1/armv7e-m/fpu/crtn.o
                0x08009ab8                . = ALIGN (0x8)
 *fill*         0x08009ab4        0x4 
                0x08009ab8                _etext = .

.vfp11_veneer   0x08009ab8        0x0
 .vfp11_veneer  0x08009ab8        0x0 linker stubs

.v4_bx          0x08009ab8        0x0
 .v4_bx         0x08009ab8        0x0 linker stubs

.iplt           0x08009ab8        0x0
 .iplt          0x08009ab8        0x0 d:/ac6/systemworkbench/plugins/fr.ac6.mcu.externaltools.arm-none.win32_1.13.2.201703061525/tools/compiler/bin/../lib/gcc/arm-none-eabi/5.4.1/armv7e-m/fpu/crtbegin.o

.rodata         0x08009ab8      0xd50
                0x08009ab8                . = ALIGN (0x8)
 *(.rodata)
 .rodata        0x08009ab8       0x3c Src/main.o
 .rodata        0x08009af4       0x48 Src/system_stm32l4xx.o
                0x08009af4                MSIRangeTable
                0x08009b24                AHBPrescTable
                0x08009b34                APBPrescTable
 .rodata        0x08009b3c        0x8 D:\Ac6\project\read\read\STemWin\Lib/STemWin522_CM4_GCC.a(GUIDRV_FlexColor_Func66709.o)
 .rodata        0x08009b44       0x40 D:\Ac6\project\read\read\STemWin\Lib/STemWin522_CM4_GCC.a(GUIDRV_FlexColor.o)
 *(.rodata*)
 .rodata.str1.4
                0x08009b84        0x5 Middlewares/Third_Party/FreeRTOS/Source/tasks.o
 *fill*         0x08009b89        0x3 
 .rodata.str1.4
                0x08009b8c       0x6c Src/main.o
 .rodata.GUI_F6x8_Mono
                0x08009bf8       0x14 D:\Ac6\project\read\read\STemWin\Lib/STemWin522_CM4_GCC.a(F6x8.o)
 .rodata.GUI_Font6x8
                0x08009c0c       0x24 D:\Ac6\project\read\read\STemWin\Lib/STemWin522_CM4_GCC.a(F6x8.o)
                0x08009c0c                GUI_Font6x8
 .rodata.GUI_F6x8_TL8859_1
                0x08009c30      0x1c0 D:\Ac6\project\read\read\STemWin\Lib/STemWin522_CM4_GCC.a(F6x8.o)
 .rodata.GUI_acFont6x8
                0x08009df0      0x518 D:\Ac6\project\read\read\STemWin\Lib/STemWin522_CM4_GCC.a(F6x8.o)
 .rodata.GUI_F6x8_TI8859_1
                0x0800a308        0x8 D:\Ac6\project\read\read\STemWin\Lib/STemWin522_CM4_GCC.a(F6x8.o)
 .rodata.GUIDRV_FlexColor_API
                0x0800a310       0x34 D:\Ac6\project\read\read\STemWin\Lib/STemWin522_CM4_GCC.a(GUIDRV_FlexColor.o)
                0x0800a310                GUIDRV_FlexColor_API
 .rodata._HL_APIList
                0x0800a344        0x8 D:\Ac6\project\read\read\STemWin\Lib/STemWin522_CM4_GCC.a(GUI_Core.o)
 .rodata.LCD_API_ColorConv_565
                0x0800a34c       0x18 D:\Ac6\project\read\read\STemWin\Lib/STemWin522_CM4_GCC.a(GUICC_565.o)
                0x0800a34c                LCD_API_ColorConv_565
 .rodata.aID    0x0800a364       0x40 D:\Ac6\project\read\read\STemWin\Lib/STemWin522_CM4_GCC.a(GUIDEV_16.o)
 .rodata.GUI_MEMDEV_DEVICE_16
                0x0800a3a4       0x34 D:\Ac6\project\read\read\STemWin\Lib/STemWin522_CM4_GCC.a(GUIDEV_16.o)
                0x0800a3a4                GUI_MEMDEV_DEVICE_16
 .rodata.LCD_aMirror
                0x0800a3d8      0x100 D:\Ac6\project\read\read\STemWin\Lib/STemWin522_CM4_GCC.a(LCD_Mirror.o)
                0x0800a3d8                LCD_aMirror
 .rodata._SetColorAPI
                0x0800a4d8        0xc D:\Ac6\project\read\read\STemWin\Lib/STemWin522_CM4_GCC.a(LCD.o)
 .rodata.GUI__aConvert_63_255
                0x0800a4e4       0x40 D:\Ac6\project\read\read\STemWin\Lib/STemWin522_CM4_GCC.a(GUI__DivTbl_63_255.o)
                0x0800a4e4                GUI__aConvert_63_255
 .rodata.GUI__aConvert_31_255
                0x0800a524       0x20 D:\Ac6\project\read\read\STemWin\Lib/STemWin522_CM4_GCC.a(GUI__DivTbl_31_255.o)
                0x0800a524                GUI__aConvert_31_255
 .rodata.GUI__aConvert_255_63
                0x0800a544      0x100 D:\Ac6\project\read\read\STemWin\Lib/STemWin522_CM4_GCC.a(GUI__DivTbl_255_63.o)
                0x0800a544                GUI__aConvert_255_63
 .rodata.GUI__aConvert_255_31
                0x0800a644      0x100 D:\Ac6\project\read\read\STemWin\Lib/STemWin522_CM4_GCC.a(GUI__DivTbl_255_31.o)
                0x0800a644                GUI__aConvert_255_31
 .rodata.GUI_UC_None
                0x0800a744       0x10 D:\Ac6\project\read\read\STemWin\Lib/STemWin522_CM4_GCC.a(GUI_UC_EncodeNone.o)
                0x0800a744                GUI_UC_None
 .rodata.LCD_API_ColorConv_0
                0x0800a754       0x18 D:\Ac6\project\read\read\STemWin\Lib/STemWin522_CM4_GCC.a(GUICC_0.o)
                0x0800a754                LCD_API_ColorConv_0
 .rodata._global_impure_ptr
                0x0800a76c        0x4 d:/ac6/systemworkbench/plugins/fr.ac6.mcu.externaltools.arm-none.win32_1.13.2.201703061525/tools/compiler/bin/../lib/gcc/arm-none-eabi/5.4.1/../../../../arm-none-eabi/lib/armv7e-m/fpu\libc_nano.a(lib_a-impure.o)
                0x0800a76c                _global_impure_ptr
 .rodata.__sf_fake_stdin
                0x0800a770       0x20 d:/ac6/systemworkbench/plugins/fr.ac6.mcu.externaltools.arm-none.win32_1.13.2.201703061525/tools/compiler/bin/../lib/gcc/arm-none-eabi/5.4.1/../../../../arm-none-eabi/lib/armv7e-m/fpu\libc_nano.a(lib_a-findfp.o)
                0x0800a770                __sf_fake_stdin
 .rodata.__sf_fake_stdout
                0x0800a790       0x20 d:/ac6/systemworkbench/plugins/fr.ac6.mcu.externaltools.arm-none.win32_1.13.2.201703061525/tools/compiler/bin/../lib/gcc/arm-none-eabi/5.4.1/../../../../arm-none-eabi/lib/armv7e-m/fpu\libc_nano.a(lib_a-findfp.o)
                0x0800a790                __sf_fake_stdout
 .rodata.__sf_fake_stderr
                0x0800a7b0       0x20 d:/ac6/systemworkbench/plugins/fr.ac6.mcu.externaltools.arm-none.win32_1.13.2.201703061525/tools/compiler/bin/../lib/gcc/arm-none-eabi/5.4.1/../../../../arm-none-eabi/lib/armv7e-m/fpu\libc_nano.a(lib_a-findfp.o)
                0x0800a7b0                __sf_fake_stderr
 .rodata.str1.1
                0x0800a7d0       0x11 d:/ac6/systemworkbench/plugins/fr.ac6.mcu.externaltools.arm-none.win32_1.13.2.201703061525/tools/compiler/bin/../lib/gcc/arm-none-eabi/5.4.1/../../../../arm-none-eabi/lib/armv7e-m/fpu\libc_nano.a(lib_a-nano-vfprintf.o)
 .rodata.str1.1
                0x0800a7e1       0x22 d:/ac6/systemworkbench/plugins/fr.ac6.mcu.externaltools.arm-none.win32_1.13.2.201703061525/tools/compiler/bin/../lib/gcc/arm-none-eabi/5.4.1/../../../../arm-none-eabi/lib/armv7e-m/fpu\libc_nano.a(lib_a-nano-vfprintf_i.o)
                0x0800a808                . = ALIGN (0x8)